graph hamming k=5: 1956 edges, 1 component(s), lam2=0.117
  mst   e   0.10 mm  runs= 64 AUC=0.502 r(v)=-0.02 Rx(v)=2.37 Rx(mu_out)=0.83 shares(v)=[-0.74, 0.84, 0.9] dens R2=0.00
  mst   e   0.10 kde runs= 64 AUC=0.498 r(v)=+0.08 Rx(v)=1.12 Rx(mu_out)=0.78 shares(v)=[0.19, 0.17, 0.64] dens R2=0.00
  mst   e   0.10 dcr runs= 64 AUC=0.496 r(v)=+0.05 Rx(v)=1.00 Rx(mu_out)=0.87 shares(v)=[0.37, 0.44, 0.19] dens R2=0.00
  mst   e   0.32 mm  runs= 64 AUC=0.503 r(v)=-0.09 Rx(v)=1.09 Rx(mu_out)=0.71 shares(v)=[0.12, 0.32, 0.55] dens R2=0.02
  mst   e   0.32 kde runs= 64 AUC=0.494 r(v)=-0.02 Rx(v)=-0.66 Rx(mu_out)=0.83 shares(v)=[0.69, 1.05, -0.74] dens R2=0.01
  mst   e   0.32 dcr runs= 64 AUC=0.503 r(v)=+0.05 Rx(v)=0.14 Rx(mu_out)=0.77 shares(v)=[0.92, 0.54, -0.46] dens R2=0.01
  mst   e   1.00 mm  runs= 64 AUC=0.511 r(v)=+0.07 Rx(v)=1.22 Rx(mu_out)=0.73 shares(v)=[0.14, 0.39, 0.46] dens R2=0.00
  mst   e   1.00 kde runs= 64 AUC=0.504 r(v)=-0.06 Rx(v)=0.38 Rx(mu_out)=0.84 shares(v)=[1.17, 0.0, -0.17] dens R2=0.00
  mst   e   1.00 dcr runs= 64 AUC=0.507 r(v)=-0.03 Rx(v)=1.44 Rx(mu_out)=0.87 shares(v)=[-0.21, 0.55, 0.67] dens R2=0.00
  mst   e  10.00 mm  runs= 64 AUC=0.605 r(v)=-0.01 Rx(v)=1.75 Rx(mu_out)=0.95 shares(v)=[0.48, -0.36, 0.88] dens R2=0.06
  mst   e  10.00 kde runs= 64 AUC=0.507 r(v)=+0.02 Rx(v)=0.41 Rx(mu_out)=0.82 shares(v)=[0.95, 0.77, -0.72] dens R2=0.00
  mst   e  10.00 dcr runs= 64 AUC=0.518 r(v)=-0.04 Rx(v)=1.13 Rx(mu_out)=0.98 shares(v)=[-0.51, 1.28, 0.22] dens R2=0.00
  mst   e 100.00 mm  runs= 64 AUC=0.786 r(v)=+0.69 Rx(v)=0.89 Rx(mu_out)=0.91 shares(v)=[0.47, 0.28, 0.25] dens R2=0.23
  mst   e 100.00 kde runs= 64 AUC=0.511 r(v)=+0.11 Rx(v)=0.68 Rx(mu_out)=0.82 shares(v)=[0.88, 0.05, 0.07] dens R2=0.03
  mst   e 100.00 dcr runs= 64 AUC=0.521 r(v)=+0.01 Rx(v)=-0.90 Rx(mu_out)=0.98 shares(v)=[2.74, -1.22, -0.52] dens R2=0.01
  mst   e1000.00 mm  runs= 64 AUC=0.830 r(v)=+0.81 Rx(v)=0.94 Rx(mu_out)=0.89 shares(v)=[0.39, 0.34, 0.27] dens R2=0.20
  mst   e1000.00 kde runs= 64 AUC=0.513 r(v)=+0.04 Rx(v)=0.66 Rx(mu_out)=0.75 shares(v)=[0.39, 0.6, 0.01] dens R2=0.01
  mst   e1000.00 dcr runs= 64 AUC=0.528 r(v)=+0.02 Rx(v)=-0.17 Rx(mu_out)=0.98 shares(v)=[2.23, -1.21, -0.02] dens R2=0.01
  mst   e   3.16 mm  runs= 64 AUC=0.527 r(v)=-0.05 Rx(v)=0.62 Rx(mu_out)=0.97 shares(v)=[1.0, 0.17, -0.18] dens R2=0.03
  mst   e   3.16 kde runs= 64 AUC=0.502 r(v)=-0.03 Rx(v)=1.34 Rx(mu_out)=0.85 shares(v)=[-0.2, -0.02, 1.23] dens R2=0.00
  mst   e   3.16 dcr runs= 64 AUC=0.513 r(v)=+0.01 Rx(v)=0.47 Rx(mu_out)=0.97 shares(v)=[0.2, 0.19, 0.61] dens R2=0.00
  mst   e  31.62 mm  runs= 64 AUC=0.683 r(v)=+0.39 Rx(v)=0.83 Rx(mu_out)=0.91 shares(v)=[0.55, 0.19, 0.26] dens R2=0.21
  mst   e  31.62 kde runs= 64 AUC=0.505 r(v)=+0.07 Rx(v)=1.16 Rx(mu_out)=0.81 shares(v)=[0.48, -0.14, 0.66] dens R2=0.01
  mst   e  31.62 dcr runs= 64 AUC=0.524 r(v)=+0.08 Rx(v)=0.82 Rx(mu_out)=0.98 shares(v)=[0.67, 0.15, 0.18] dens R2=0.00
  priv  e   0.10 mm  runs= 64 AUC=0.503 r(v)=+0.01 Rx(v)=0.03 Rx(mu_out)=0.86 shares(v)=[1.51, -1.3, 0.79] dens R2=0.00
  priv  e   0.10 kde runs= 64 AUC=0.507 r(v)=+nan Rx(v)=nan Rx(mu_out)=1.00 shares(v)=[nan, nan, nan] dens R2=0.02
  priv  e   0.10 dcr runs= 64 AUC=0.501 r(v)=-0.02 Rx(v)=0.26 Rx(mu_out)=0.74 shares(v)=[1.42, 0.3, -0.71] dens R2=0.00
  priv  e   0.32 mm  runs= 64 AUC=0.505 r(v)=+0.03 Rx(v)=1.80 Rx(mu_out)=0.90 shares(v)=[0.1, -0.29, 1.18] dens R2=0.03
  priv  e   0.32 kde runs= 64 AUC=0.504 r(v)=-0.01 Rx(v)=-1.01 Rx(mu_out)=0.74 shares(v)=[1.91, 2.07, -2.98] dens R2=0.01
  priv  e   0.32 dcr runs= 64 AUC=0.504 r(v)=-0.03 Rx(v)=1.95 Rx(mu_out)=0.88 shares(v)=[-0.02, -0.88, 1.9] dens R2=0.00
  priv  e   1.00 mm  runs= 64 AUC=0.513 r(v)=+0.02 Rx(v)=1.50 Rx(mu_out)=0.93 shares(v)=[-0.88, 0.89, 1.0] dens R2=0.03
  priv  e   1.00 kde runs= 64 AUC=0.502 r(v)=-0.10 Rx(v)=0.75 Rx(mu_out)=0.78 shares(v)=[0.69, 0.08, 0.23] dens R2=0.00
  priv  e   1.00 dcr runs= 64 AUC=0.508 r(v)=-0.08 Rx(v)=1.09 Rx(mu_out)=0.92 shares(v)=[0.07, 0.78, 0.15] dens R2=0.01
  priv  e  10.00 mm  runs= 64 AUC=0.556 r(v)=+0.10 Rx(v)=0.85 Rx(mu_out)=0.96 shares(v)=[0.45, 0.46, 0.09] dens R2=0.02
  priv  e  10.00 kde runs= 64 AUC=0.501 r(v)=+0.07 Rx(v)=0.74 Rx(mu_out)=0.86 shares(v)=[0.45, 0.52, 0.03] dens R2=0.01
  priv  e  10.00 dcr runs= 64 AUC=0.511 r(v)=-0.01 Rx(v)=0.48 Rx(mu_out)=0.93 shares(v)=[0.24, 1.31, -0.55] dens R2=0.00
  priv  e 100.00 mm  runs= 64 AUC=0.729 r(v)=+0.73 Rx(v)=0.90 Rx(mu_out)=0.92 shares(v)=[0.45, 0.31, 0.24] dens R2=0.26
  priv  e 100.00 kde runs= 64 AUC=0.513 r(v)=-0.07 Rx(v)=1.07 Rx(mu_out)=0.87 shares(v)=[0.07, 0.09, 0.85] dens R2=0.01
  priv  e 100.00 dcr runs= 64 AUC=0.548 r(v)=+0.12 Rx(v)=0.88 Rx(mu_out)=0.97 shares(v)=[0.41, 0.37, 0.22] dens R2=0.05
  priv  e1000.00 mm  runs= 64 AUC=0.892 r(v)=+0.85 Rx(v)=0.88 Rx(mu_out)=0.84 shares(v)=[0.46, 0.3, 0.24] dens R2=0.28
  priv  e1000.00 kde runs= 64 AUC=0.514 r(v)=-0.01 Rx(v)=-0.34 Rx(mu_out)=0.87 shares(v)=[1.19, 1.03, -1.22] dens R2=0.00
  priv  e1000.00 dcr runs= 64 AUC=0.594 r(v)=+0.20 Rx(v)=0.88 Rx(mu_out)=0.95 shares(v)=[0.55, 0.11, 0.35] dens R2=0.08
  priv  e   3.16 mm  runs= 64 AUC=0.524 r(v)=+0.07 Rx(v)=1.07 Rx(mu_out)=0.94 shares(v)=[0.38, 0.29, 0.33] dens R2=0.02
  priv  e   3.16 kde runs= 64 AUC=0.505 r(v)=-0.03 Rx(v)=0.57 Rx(mu_out)=0.86 shares(v)=[1.45, -0.7, 0.25] dens R2=0.01
  priv  e   3.16 dcr runs= 64 AUC=0.510 r(v)=-0.03 Rx(v)=0.88 Rx(mu_out)=0.94 shares(v)=[0.86, -0.23, 0.36] dens R2=0.01
  priv  e  31.62 mm  runs= 64 AUC=0.600 r(v)=+0.53 Rx(v)=0.91 Rx(mu_out)=0.99 shares(v)=[0.4, 0.33, 0.27] dens R2=0.15
  priv  e  31.62 kde runs= 64 AUC=0.507 r(v)=-0.05 Rx(v)=1.38 Rx(mu_out)=0.87 shares(v)=[0.46, -0.31, 0.85] dens R2=0.00
  priv  e  31.62 dcr runs= 64 AUC=0.524 r(v)=+0.01 Rx(v)=0.58 Rx(mu_out)=0.97 shares(v)=[0.18, -1.12, 1.93] dens R2=0.01
figures -> /home/golobs/SpectralPrivacy/results/figures
