graph gower k=10: 3685 edges, 1 component(s), lam2=0.119
  mst   e   0.10 mm  runs= 64 AUC=0.502 r(v)=-0.02 Rx(v)=1.80 Rx(mu_out)=0.86 shares(v)=[-1.19, 1.35, 0.84] dens R2=0.00
  mst   e   0.10 kde runs= 64 AUC=0.498 r(v)=+0.08 Rx(v)=0.99 Rx(mu_out)=0.79 shares(v)=[0.41, 0.09, 0.5] dens R2=0.00
  mst   e   0.10 dcr runs= 64 AUC=0.496 r(v)=+0.05 Rx(v)=0.93 Rx(mu_out)=0.89 shares(v)=[0.91, -0.95, 1.03] dens R2=0.01
  mst   e   0.32 mm  runs= 64 AUC=0.503 r(v)=-0.09 Rx(v)=0.94 Rx(mu_out)=0.80 shares(v)=[0.43, 0.42, 0.15] dens R2=0.02
  mst   e   0.32 kde runs= 64 AUC=0.494 r(v)=-0.02 Rx(v)=2.23 Rx(mu_out)=0.83 shares(v)=[-1.24, -0.99, 3.23] dens R2=0.01
  mst   e   0.32 dcr runs= 64 AUC=0.503 r(v)=+0.05 Rx(v)=0.42 Rx(mu_out)=0.77 shares(v)=[0.93, 0.13, -0.06] dens R2=0.01
  mst   e   1.00 mm  runs= 64 AUC=0.511 r(v)=+0.07 Rx(v)=0.89 Rx(mu_out)=0.81 shares(v)=[0.25, 0.92, -0.17] dens R2=0.01
  mst   e   1.00 kde runs= 64 AUC=0.504 r(v)=-0.06 Rx(v)=0.76 Rx(mu_out)=0.86 shares(v)=[0.89, -0.03, 0.14] dens R2=0.00
  mst   e   1.00 dcr runs= 64 AUC=0.507 r(v)=-0.03 Rx(v)=1.46 Rx(mu_out)=0.86 shares(v)=[-0.33, 0.77, 0.56] dens R2=0.00
  mst   e  10.00 mm  runs= 64 AUC=0.605 r(v)=-0.01 Rx(v)=3.92 Rx(mu_out)=0.96 shares(v)=[-4.63, 2.63, 3.01] dens R2=0.04
  mst   e  10.00 kde runs= 64 AUC=0.507 r(v)=+0.02 Rx(v)=0.67 Rx(mu_out)=0.86 shares(v)=[1.68, -0.96, 0.29] dens R2=0.00
  mst   e  10.00 dcr runs= 64 AUC=0.518 r(v)=-0.04 Rx(v)=1.12 Rx(mu_out)=0.97 shares(v)=[-0.39, 0.83, 0.55] dens R2=0.00
  mst   e 100.00 mm  runs= 64 AUC=0.786 r(v)=+0.69 Rx(v)=0.93 Rx(mu_out)=0.94 shares(v)=[0.42, 0.27, 0.31] dens R2=0.15
  mst   e 100.00 kde runs= 64 AUC=0.511 r(v)=+0.11 Rx(v)=1.02 Rx(mu_out)=0.84 shares(v)=[0.29, 0.24, 0.47] dens R2=0.03
  mst   e 100.00 dcr runs= 64 AUC=0.521 r(v)=+0.01 Rx(v)=0.30 Rx(mu_out)=0.96 shares(v)=[2.85, -1.53, -0.32] dens R2=0.01
  mst   e1000.00 mm  runs= 64 AUC=0.830 r(v)=+0.81 Rx(v)=0.93 Rx(mu_out)=0.94 shares(v)=[0.45, 0.27, 0.27] dens R2=0.12
  mst   e1000.00 kde runs= 64 AUC=0.513 r(v)=+0.04 Rx(v)=0.88 Rx(mu_out)=0.79 shares(v)=[0.31, 0.19, 0.5] dens R2=0.01
  mst   e1000.00 dcr runs= 64 AUC=0.528 r(v)=+0.02 Rx(v)=0.97 Rx(mu_out)=0.97 shares(v)=[-0.07, 0.47, 0.6] dens R2=0.01
  mst   e   3.16 mm  runs= 64 AUC=0.527 r(v)=-0.05 Rx(v)=0.88 Rx(mu_out)=0.97 shares(v)=[0.3, 0.44, 0.26] dens R2=0.04
  mst   e   3.16 kde runs= 64 AUC=0.502 r(v)=-0.03 Rx(v)=0.74 Rx(mu_out)=0.87 shares(v)=[0.93, -0.55, 0.62] dens R2=0.00
  mst   e   3.16 dcr runs= 64 AUC=0.513 r(v)=+0.01 Rx(v)=-0.81 Rx(mu_out)=0.96 shares(v)=[4.16, -3.88, 0.72] dens R2=0.00
  mst   e  31.62 mm  runs= 64 AUC=0.683 r(v)=+0.39 Rx(v)=0.85 Rx(mu_out)=0.93 shares(v)=[0.54, 0.26, 0.2] dens R2=0.16
  mst   e  31.62 kde runs= 64 AUC=0.505 r(v)=+0.07 Rx(v)=1.07 Rx(mu_out)=0.85 shares(v)=[0.42, -0.21, 0.79] dens R2=0.00
  mst   e  31.62 dcr runs= 64 AUC=0.524 r(v)=+0.08 Rx(v)=0.92 Rx(mu_out)=0.97 shares(v)=[0.35, 0.26, 0.39] dens R2=0.01
  priv  e   0.10 mm  runs= 64 AUC=0.503 r(v)=+0.01 Rx(v)=0.36 Rx(mu_out)=0.85 shares(v)=[-0.03, 0.84, 0.19] dens R2=0.00
  priv  e   0.10 kde runs= 64 AUC=0.507 r(v)=+nan Rx(v)=nan Rx(mu_out)=0.99 shares(v)=[nan, nan, nan] dens R2=0.02
  priv  e   0.10 dcr runs= 64 AUC=0.501 r(v)=-0.02 Rx(v)=0.86 Rx(mu_out)=0.71 shares(v)=[0.32, 1.46, -0.78] dens R2=0.00
  priv  e   0.32 mm  runs= 64 AUC=0.505 r(v)=+0.03 Rx(v)=0.79 Rx(mu_out)=0.90 shares(v)=[0.25, 2.19, -1.43] dens R2=0.02
  priv  e   0.32 kde runs= 64 AUC=0.504 r(v)=-0.01 Rx(v)=2.07 Rx(mu_out)=0.73 shares(v)=[-2.5, 2.27, 1.24] dens R2=0.01
  priv  e   0.32 dcr runs= 64 AUC=0.504 r(v)=-0.03 Rx(v)=1.44 Rx(mu_out)=0.85 shares(v)=[0.23, 0.18, 0.58] dens R2=0.00
  priv  e   1.00 mm  runs= 64 AUC=0.513 r(v)=+0.02 Rx(v)=1.92 Rx(mu_out)=0.93 shares(v)=[-0.72, -0.12, 1.84] dens R2=0.02
  priv  e   1.00 kde runs= 64 AUC=0.502 r(v)=-0.10 Rx(v)=0.83 Rx(mu_out)=0.80 shares(v)=[0.5, 0.29, 0.21] dens R2=0.00
  priv  e   1.00 dcr runs= 64 AUC=0.508 r(v)=-0.08 Rx(v)=0.89 Rx(mu_out)=0.87 shares(v)=[0.58, 0.24, 0.17] dens R2=0.00
  priv  e  10.00 mm  runs= 64 AUC=0.556 r(v)=+0.10 Rx(v)=0.99 Rx(mu_out)=0.94 shares(v)=[0.42, 0.2, 0.37] dens R2=0.02
  priv  e  10.00 kde runs= 64 AUC=0.501 r(v)=+0.07 Rx(v)=0.69 Rx(mu_out)=0.86 shares(v)=[0.83, -0.04, 0.21] dens R2=0.01
  priv  e  10.00 dcr runs= 64 AUC=0.511 r(v)=-0.01 Rx(v)=1.71 Rx(mu_out)=0.91 shares(v)=[-0.83, 1.57, 0.26] dens R2=0.00
  priv  e 100.00 mm  runs= 64 AUC=0.729 r(v)=+0.73 Rx(v)=0.92 Rx(mu_out)=0.93 shares(v)=[0.46, 0.28, 0.26] dens R2=0.29
  priv  e 100.00 kde runs= 64 AUC=0.513 r(v)=-0.07 Rx(v)=1.09 Rx(mu_out)=0.89 shares(v)=[0.28, 0.01, 0.71] dens R2=0.01
  priv  e 100.00 dcr runs= 64 AUC=0.548 r(v)=+0.12 Rx(v)=0.87 Rx(mu_out)=0.97 shares(v)=[0.61, 0.15, 0.24] dens R2=0.08
  priv  e1000.00 mm  runs= 64 AUC=0.892 r(v)=+0.85 Rx(v)=0.86 Rx(mu_out)=0.81 shares(v)=[0.55, 0.23, 0.23] dens R2=0.29
  priv  e1000.00 kde runs= 64 AUC=0.514 r(v)=-0.01 Rx(v)=1.39 Rx(mu_out)=0.90 shares(v)=[-1.55, 1.73, 0.82] dens R2=0.01
  priv  e1000.00 dcr runs= 64 AUC=0.594 r(v)=+0.20 Rx(v)=0.85 Rx(mu_out)=0.95 shares(v)=[0.62, 0.13, 0.25] dens R2=0.12
  priv  e   3.16 mm  runs= 64 AUC=0.524 r(v)=+0.07 Rx(v)=1.17 Rx(mu_out)=0.96 shares(v)=[-0.03, 0.5, 0.53] dens R2=0.02
  priv  e   3.16 kde runs= 64 AUC=0.505 r(v)=-0.03 Rx(v)=0.64 Rx(mu_out)=0.88 shares(v)=[0.93, -0.22, 0.3] dens R2=0.03
  priv  e   3.16 dcr runs= 64 AUC=0.510 r(v)=-0.03 Rx(v)=1.12 Rx(mu_out)=0.91 shares(v)=[-0.09, 0.09, 1.0] dens R2=0.01
  priv  e  31.62 mm  runs= 64 AUC=0.600 r(v)=+0.53 Rx(v)=0.91 Rx(mu_out)=0.99 shares(v)=[0.47, 0.22, 0.3] dens R2=0.21
  priv  e  31.62 kde runs= 64 AUC=0.507 r(v)=-0.05 Rx(v)=1.07 Rx(mu_out)=0.89 shares(v)=[0.77, -0.44, 0.67] dens R2=0.01
  priv  e  31.62 dcr runs= 64 AUC=0.524 r(v)=+0.01 Rx(v)=1.37 Rx(mu_out)=0.97 shares(v)=[-1.34, -0.49, 2.83] dens R2=0.02
figures -> /home/golobs/SpectralPrivacy/results/figures
