graph gower k=20: 7240 edges, 1 component(s), lam2=0.169
  mst   e   0.10 mm  runs= 64 AUC=0.502 r(v)=-0.02 Rx(v)=1.74 Rx(mu_out)=0.86 shares(v)=[-2.16, 1.45, 1.71] dens R2=0.00
  mst   e   0.10 kde runs= 64 AUC=0.498 r(v)=+0.08 Rx(v)=1.06 Rx(mu_out)=0.82 shares(v)=[0.28, 0.28, 0.44] dens R2=0.00
  mst   e   0.10 dcr runs= 64 AUC=0.496 r(v)=+0.05 Rx(v)=0.89 Rx(mu_out)=0.93 shares(v)=[0.18, 0.73, 0.09] dens R2=0.01
  mst   e   0.32 mm  runs= 64 AUC=0.503 r(v)=-0.09 Rx(v)=1.01 Rx(mu_out)=0.83 shares(v)=[0.48, 0.27, 0.25] dens R2=0.02
  mst   e   0.32 kde runs= 64 AUC=0.494 r(v)=-0.02 Rx(v)=0.64 Rx(mu_out)=0.87 shares(v)=[1.11, -0.21, 0.1] dens R2=0.01
  mst   e   0.32 dcr runs= 64 AUC=0.503 r(v)=+0.05 Rx(v)=0.77 Rx(mu_out)=0.81 shares(v)=[0.33, 0.66, 0.02] dens R2=0.01
  mst   e   1.00 mm  runs= 64 AUC=0.511 r(v)=+0.07 Rx(v)=1.01 Rx(mu_out)=0.84 shares(v)=[0.24, 0.41, 0.36] dens R2=0.01
  mst   e   1.00 kde runs= 64 AUC=0.504 r(v)=-0.06 Rx(v)=0.75 Rx(mu_out)=0.89 shares(v)=[0.77, -0.32, 0.55] dens R2=0.00
  mst   e   1.00 dcr runs= 64 AUC=0.507 r(v)=-0.03 Rx(v)=1.55 Rx(mu_out)=0.89 shares(v)=[-0.68, -0.23, 1.91] dens R2=0.00
  mst   e  10.00 mm  runs= 64 AUC=0.605 r(v)=-0.01 Rx(v)=2.84 Rx(mu_out)=0.95 shares(v)=[-2.87, -1.41, 5.29] dens R2=0.04
  mst   e  10.00 kde runs= 64 AUC=0.507 r(v)=+0.02 Rx(v)=0.94 Rx(mu_out)=0.89 shares(v)=[1.2, -2.27, 2.08] dens R2=0.00
  mst   e  10.00 dcr runs= 64 AUC=0.518 r(v)=-0.04 Rx(v)=0.96 Rx(mu_out)=0.99 shares(v)=[0.37, -0.18, 0.8] dens R2=0.00
  mst   e 100.00 mm  runs= 64 AUC=0.786 r(v)=+0.69 Rx(v)=0.92 Rx(mu_out)=0.95 shares(v)=[0.48, 0.27, 0.24] dens R2=0.15
  mst   e 100.00 kde runs= 64 AUC=0.511 r(v)=+0.11 Rx(v)=1.03 Rx(mu_out)=0.88 shares(v)=[0.13, 0.49, 0.39] dens R2=0.03
  mst   e 100.00 dcr runs= 64 AUC=0.521 r(v)=+0.01 Rx(v)=0.39 Rx(mu_out)=0.99 shares(v)=[3.4, -1.84, -0.56] dens R2=0.01
  mst   e1000.00 mm  runs= 64 AUC=0.830 r(v)=+0.81 Rx(v)=0.92 Rx(mu_out)=0.95 shares(v)=[0.53, 0.29, 0.18] dens R2=0.12
  mst   e1000.00 kde runs= 64 AUC=0.513 r(v)=+0.04 Rx(v)=1.04 Rx(mu_out)=0.83 shares(v)=[-0.26, 0.36, 0.89] dens R2=0.01
  mst   e1000.00 dcr runs= 64 AUC=0.528 r(v)=+0.02 Rx(v)=1.02 Rx(mu_out)=1.00 shares(v)=[-0.3, 0.93, 0.37] dens R2=0.01
  mst   e   3.16 mm  runs= 64 AUC=0.527 r(v)=-0.05 Rx(v)=1.00 Rx(mu_out)=0.96 shares(v)=[0.87, 0.07, 0.06] dens R2=0.04
  mst   e   3.16 kde runs= 64 AUC=0.502 r(v)=-0.03 Rx(v)=1.16 Rx(mu_out)=0.89 shares(v)=[0.09, -0.14, 1.05] dens R2=0.00
  mst   e   3.16 dcr runs= 64 AUC=0.513 r(v)=+0.01 Rx(v)=-1.09 Rx(mu_out)=0.98 shares(v)=[3.48, -4.82, 2.34] dens R2=0.00
  mst   e  31.62 mm  runs= 64 AUC=0.683 r(v)=+0.39 Rx(v)=0.88 Rx(mu_out)=0.96 shares(v)=[0.61, 0.2, 0.2] dens R2=0.16
  mst   e  31.62 kde runs= 64 AUC=0.505 r(v)=+0.07 Rx(v)=1.02 Rx(mu_out)=0.89 shares(v)=[0.63, -0.11, 0.48] dens R2=0.00
  mst   e  31.62 dcr runs= 64 AUC=0.524 r(v)=+0.08 Rx(v)=1.07 Rx(mu_out)=0.99 shares(v)=[0.09, 0.25, 0.66] dens R2=0.01
  priv  e   0.10 mm  runs= 64 AUC=0.503 r(v)=+0.01 Rx(v)=0.46 Rx(mu_out)=0.90 shares(v)=[0.34, 0.77, -0.11] dens R2=0.00
  priv  e   0.10 kde runs= 64 AUC=0.507 r(v)=+nan Rx(v)=nan Rx(mu_out)=1.01 shares(v)=[nan, nan, nan] dens R2=0.02
  priv  e   0.10 dcr runs= 64 AUC=0.501 r(v)=-0.02 Rx(v)=1.24 Rx(mu_out)=0.76 shares(v)=[-0.93, 0.51, 1.42] dens R2=0.00
  priv  e   0.32 mm  runs= 64 AUC=0.505 r(v)=+0.03 Rx(v)=1.37 Rx(mu_out)=0.94 shares(v)=[0.07, 0.01, 0.92] dens R2=0.02
  priv  e   0.32 kde runs= 64 AUC=0.504 r(v)=-0.01 Rx(v)=1.86 Rx(mu_out)=0.79 shares(v)=[-3.94, 2.56, 2.38] dens R2=0.01
  priv  e   0.32 dcr runs= 64 AUC=0.504 r(v)=-0.03 Rx(v)=1.36 Rx(mu_out)=0.89 shares(v)=[-0.31, 0.8, 0.5] dens R2=0.00
  priv  e   1.00 mm  runs= 64 AUC=0.513 r(v)=+0.02 Rx(v)=1.74 Rx(mu_out)=0.95 shares(v)=[-1.07, -0.95, 3.02] dens R2=0.02
  priv  e   1.00 kde runs= 64 AUC=0.502 r(v)=-0.10 Rx(v)=0.91 Rx(mu_out)=0.85 shares(v)=[0.38, 0.07, 0.55] dens R2=0.00
  priv  e   1.00 dcr runs= 64 AUC=0.508 r(v)=-0.08 Rx(v)=0.96 Rx(mu_out)=0.91 shares(v)=[0.31, 0.8, -0.11] dens R2=0.00
  priv  e  10.00 mm  runs= 64 AUC=0.556 r(v)=+0.10 Rx(v)=0.93 Rx(mu_out)=0.98 shares(v)=[0.42, 0.41, 0.17] dens R2=0.02
  priv  e  10.00 kde runs= 64 AUC=0.501 r(v)=+0.07 Rx(v)=0.77 Rx(mu_out)=0.90 shares(v)=[0.71, 0.29, 0.0] dens R2=0.01
  priv  e  10.00 dcr runs= 64 AUC=0.511 r(v)=-0.01 Rx(v)=1.00 Rx(mu_out)=0.94 shares(v)=[0.0, 0.87, 0.12] dens R2=0.00
  priv  e 100.00 mm  runs= 64 AUC=0.729 r(v)=+0.73 Rx(v)=0.92 Rx(mu_out)=0.94 shares(v)=[0.51, 0.28, 0.22] dens R2=0.29
  priv  e 100.00 kde runs= 64 AUC=0.513 r(v)=-0.07 Rx(v)=0.88 Rx(mu_out)=0.92 shares(v)=[0.7, 0.17, 0.13] dens R2=0.01
  priv  e 100.00 dcr runs= 64 AUC=0.548 r(v)=+0.12 Rx(v)=0.89 Rx(mu_out)=0.99 shares(v)=[0.91, -0.11, 0.2] dens R2=0.08
  priv  e1000.00 mm  runs= 64 AUC=0.892 r(v)=+0.85 Rx(v)=0.89 Rx(mu_out)=0.86 shares(v)=[0.53, 0.26, 0.22] dens R2=0.29
  priv  e1000.00 kde runs= 64 AUC=0.514 r(v)=-0.01 Rx(v)=-0.07 Rx(mu_out)=0.93 shares(v)=[0.83, 3.14, -2.96] dens R2=0.01
  priv  e1000.00 dcr runs= 64 AUC=0.594 r(v)=+0.20 Rx(v)=0.89 Rx(mu_out)=0.97 shares(v)=[0.54, 0.22, 0.24] dens R2=0.12
  priv  e   3.16 mm  runs= 64 AUC=0.524 r(v)=+0.07 Rx(v)=1.06 Rx(mu_out)=0.96 shares(v)=[0.16, 0.13, 0.7] dens R2=0.02
  priv  e   3.16 kde runs= 64 AUC=0.505 r(v)=-0.03 Rx(v)=0.76 Rx(mu_out)=0.91 shares(v)=[1.09, -0.07, -0.02] dens R2=0.03
  priv  e   3.16 dcr runs= 64 AUC=0.510 r(v)=-0.03 Rx(v)=1.32 Rx(mu_out)=0.95 shares(v)=[0.29, 0.2, 0.51] dens R2=0.01
  priv  e  31.62 mm  runs= 64 AUC=0.600 r(v)=+0.53 Rx(v)=0.91 Rx(mu_out)=0.98 shares(v)=[0.51, 0.22, 0.27] dens R2=0.21
  priv  e  31.62 kde runs= 64 AUC=0.507 r(v)=-0.05 Rx(v)=0.93 Rx(mu_out)=0.92 shares(v)=[0.98, 0.13, -0.11] dens R2=0.01
  priv  e  31.62 dcr runs= 64 AUC=0.524 r(v)=+0.01 Rx(v)=0.09 Rx(mu_out)=0.99 shares(v)=[2.87, -3.13, 1.26] dens R2=0.02
figures -> /home/golobs/SpectralPrivacy/results/figures
