[shadow] mst e0.10: 117 focal points, top weight 5
[shadow] mst e0.32: 92 focal points, top weight 10
[shadow] mst e3.16: 36 focal points, top weight 15
[shadow] mst e10.00: 21 focal points, top weight 15
[shadow] mst e31.62: 20 focal points, top weight 15
[shadow] mst e100.00: 18 focal points, top weight 15
[shadow] priv e0.10: 15 focal points, top weight 15
[shadow] priv e0.32: 15 focal points, top weight 15
[shadow] priv e3.16: 15 focal points, top weight 15
[shadow] priv e10.00: 28 focal points, top weight 15
[shadow] priv e31.62: 31 focal points, top weight 15
[shadow] priv e100.00: 24 focal points, top weight 15
[pool] 1024 runs queued on 16 workers
[pool 1/1024] mst e0.10 r9: AUC mm=0.520 kde=0.508
[pool 2/1024] mst e0.10 r12: AUC mm=0.551 kde=0.535
[pool 3/1024] mst e0.10 r7: AUC mm=0.535 kde=0.505
[pool 4/1024] mst e0.10 r0: AUC mm=0.490 kde=0.493
[pool 5/1024] mst e0.10 r11: AUC mm=0.467 kde=0.485
[pool 6/1024] mst e0.10 r8: AUC mm=0.505 kde=0.472
[pool 7/1024] mst e0.10 r3: AUC mm=0.505 kde=0.489
[pool 8/1024] mst e0.10 r1: AUC mm=0.516 kde=0.504
[pool 9/1024] mst e0.10 r4: AUC mm=0.491 kde=0.562
[pool 10/1024] mst e0.10 r10: AUC mm=0.487 kde=0.512
[pool 11/1024] mst e0.10 r5: AUC mm=0.502 kde=0.478
[pool 12/1024] mst e0.10 r15: AUC mm=0.506 kde=0.466
[pool 13/1024] mst e0.10 r2: AUC mm=0.497 kde=0.485
[pool 14/1024] mst e0.10 r6: AUC mm=0.471 kde=0.465
[pool 15/1024] mst e0.10 r13: AUC mm=0.447 kde=0.461
[pool 16/1024] mst e0.10 r14: AUC mm=0.519 kde=0.483
[pool 17/1024] mst e0.10 r19: AUC mm=0.490 kde=0.489
[pool 18/1024] mst e0.10 r17: AUC mm=0.544 kde=0.486
[pool 19/1024] mst e0.10 r16: AUC mm=0.494 kde=0.506
[pool 20/1024] mst e0.10 r27: AUC mm=0.497 kde=0.478
[pool 21/1024] mst e0.10 r23: AUC mm=0.553 kde=0.511
[pool 22/1024] mst e0.10 r21: AUC mm=0.489 kde=0.487
[pool 23/1024] mst e0.10 r25: AUC mm=0.496 kde=0.498
[pool 24/1024] mst e0.10 r18: AUC mm=0.492 kde=0.492
[pool 25/1024] mst e0.10 r20: AUC mm=0.503 kde=0.485
[pool 26/1024] mst e0.10 r24: AUC mm=0.490 kde=0.484
[pool 27/1024] mst e0.10 r22: AUC mm=0.466 kde=0.490
[pool 28/1024] mst e0.10 r31: AUC mm=0.513 kde=0.532
[pool 29/1024] mst e0.10 r26: AUC mm=0.530 kde=0.484
[pool 30/1024] mst e0.10 r28: AUC mm=0.544 kde=nan
[pool 31/1024] mst e0.10 r30: AUC mm=0.519 kde=0.522
[pool 32/1024] mst e0.10 r29: AUC mm=0.506 kde=nan
[pool 33/1024] mst e0.10 r32: AUC mm=0.496 kde=0.509
[pool 34/1024] mst e0.10 r34: AUC mm=0.494 kde=0.456
[pool 35/1024] mst e0.10 r33: AUC mm=0.502 kde=nan
[pool 36/1024] mst e0.10 r36: AUC mm=0.536 kde=0.514
[pool 37/1024] mst e0.10 r44: AUC mm=0.546 kde=0.503
[pool 38/1024] mst e0.10 r35: AUC mm=0.488 kde=0.525
[pool 39/1024] mst e0.10 r37: AUC mm=0.504 kde=0.458
[pool 40/1024] mst e0.10 r43: AUC mm=0.529 kde=0.522
[pool 41/1024] mst e0.10 r38: AUC mm=0.460 kde=0.528
[pool 42/1024] mst e0.10 r42: AUC mm=0.446 kde=0.502
[pool 43/1024] mst e0.10 r46: AUC mm=0.489 kde=0.485
[pool 44/1024] mst e0.10 r39: AUC mm=0.488 kde=0.537
[pool 45/1024] mst e0.10 r40: AUC mm=0.521 kde=0.522
[pool 46/1024] mst e0.10 r45: AUC mm=0.481 kde=0.497
[pool 47/1024] mst e0.10 r47: AUC mm=0.492 kde=0.493
[pool 48/1024] mst e0.10 r48: AUC mm=0.474 kde=0.486
[pool 49/1024] mst e0.10 r49: AUC mm=0.500 kde=0.481
[pool 50/1024] mst e0.10 r51: AUC mm=0.553 kde=0.538
[pool 51/1024] mst e0.10 r53: AUC mm=0.504 kde=0.494
[pool 52/1024] mst e0.10 r50: AUC mm=0.491 kde=0.517
[pool 53/1024] mst e0.10 r52: AUC mm=0.515 kde=0.514
[pool 54/1024] mst e0.10 r56: AUC mm=0.457 kde=0.442
[pool 55/1024] mst e0.10 r54: AUC mm=0.523 kde=0.537
[pool 56/1024] mst e0.10 r57: AUC mm=0.525 kde=0.507
[pool 57/1024] mst e0.10 r58: AUC mm=0.528 kde=0.450
[pool 58/1024] mst e0.10 r55: AUC mm=0.489 kde=0.491
[pool 59/1024] mst e0.10 r60: AUC mm=0.502 kde=0.510
[pool 60/1024] mst e0.10 r59: AUC mm=0.503 kde=0.485
[pool 61/1024] mst e0.10 r61: AUC mm=0.503 kde=nan
[pool 62/1024] mst e0.10 r62: AUC mm=0.493 kde=0.497
[pool 63/1024] mst e0.10 r63: AUC mm=0.502 kde=0.504
[pool 64/1024] mst e0.32 r0: AUC mm=0.546 kde=0.475
[pool 65/1024] mst e0.32 r1: AUC mm=0.520 kde=0.491
[pool 66/1024] mst e0.32 r3: AUC mm=0.516 kde=0.468
[pool 67/1024] mst e0.32 r4: AUC mm=0.509 kde=0.514
[pool 68/1024] mst e0.32 r2: AUC mm=0.473 kde=0.512
[pool 69/1024] mst e0.32 r5: AUC mm=0.498 kde=0.499
[pool 70/1024] mst e0.32 r6: AUC mm=0.461 kde=0.484
[pool 71/1024] mst e0.32 r7: AUC mm=0.508 kde=0.526
[pool 72/1024] mst e0.32 r8: AUC mm=0.554 kde=0.474
[pool 73/1024] mst e0.32 r9: AUC mm=0.516 kde=0.463
[pool 74/1024] mst e0.32 r10: AUC mm=0.494 kde=0.499
[pool 75/1024] mst e0.32 r11: AUC mm=0.464 kde=0.491
[pool 76/1024] mst e0.32 r12: AUC mm=0.517 kde=0.513
[pool 77/1024] mst e0.32 r13: AUC mm=0.514 kde=0.480
[pool 78/1024] mst e0.32 r14: AUC mm=0.464 kde=0.497
[pool 79/1024] mst e0.32 r16: AUC mm=0.490 kde=0.482
[pool 80/1024] mst e0.32 r15: AUC mm=0.520 kde=0.490
[pool 81/1024] mst e0.32 r18: AUC mm=0.522 kde=0.527
[pool 82/1024] mst e0.32 r17: AUC mm=0.512 kde=0.519
[pool 83/1024] mst e0.32 r19: AUC mm=0.481 kde=0.497
[pool 84/1024] mst e0.32 r20: AUC mm=0.506 kde=nan
[pool 85/1024] mst e0.32 r22: AUC mm=0.481 kde=0.489
[pool 86/1024] mst e0.32 r21: AUC mm=0.484 kde=0.503
[pool 87/1024] mst e0.32 r23: AUC mm=0.506 kde=0.481
[pool 88/1024] mst e0.32 r24: AUC mm=0.504 kde=0.506
[pool 89/1024] mst e0.32 r25: AUC mm=0.515 kde=0.499
[pool 90/1024] mst e0.32 r26: AUC mm=0.510 kde=0.454
[pool 91/1024] mst e0.32 r27: AUC mm=0.482 kde=0.481
[pool 92/1024] mst e0.32 r28: AUC mm=0.517 kde=0.474
[pool 93/1024] mst e0.32 r29: AUC mm=0.502 kde=0.516
[pool 94/1024] mst e0.32 r30: AUC mm=0.518 kde=0.537
[pool 95/1024] mst e0.32 r31: AUC mm=0.497 kde=0.515
[pool 96/1024] mst e0.32 r32: AUC mm=0.580 kde=0.481
[pool 97/1024] mst e0.32 r33: AUC mm=0.495 kde=0.477
[pool 98/1024] mst e0.32 r36: AUC mm=0.519 kde=0.537
[pool 99/1024] mst e0.32 r34: AUC mm=0.512 kde=0.492
[pool 100/1024] mst e0.32 r35: AUC mm=0.482 kde=0.498
[pool 101/1024] mst e0.32 r37: AUC mm=0.477 kde=0.463
[pool 102/1024] mst e0.32 r38: AUC mm=0.493 kde=0.501
[pool 103/1024] mst e0.32 r40: AUC mm=0.498 kde=0.477
[pool 104/1024] mst e0.32 r39: AUC mm=0.435 kde=0.497
[pool 105/1024] mst e0.32 r41: AUC mm=0.470 kde=0.464
[pool 106/1024] mst e0.32 r42: AUC mm=0.499 kde=0.522
[pool 107/1024] mst e0.32 r43: AUC mm=0.512 kde=0.520
[pool 108/1024] mst e0.32 r44: AUC mm=0.560 kde=0.482
[pool 109/1024] mst e0.32 r45: AUC mm=0.453 kde=0.453
[pool 110/1024] mst e0.32 r46: AUC mm=0.448 kde=0.462
[pool 111/1024] mst e0.32 r47: AUC mm=0.531 kde=0.509
[pool 112/1024] mst e0.32 r51: AUC mm=0.500 kde=0.521
[pool 113/1024] mst e0.32 r48: AUC mm=0.513 kde=0.443
[pool 114/1024] mst e0.32 r49: AUC mm=0.443 kde=0.467
[pool 115/1024] mst e0.32 r50: AUC mm=0.531 kde=0.506
[pool 116/1024] mst e0.32 r53: AUC mm=0.484 kde=0.538
[pool 117/1024] mst e0.32 r52: AUC mm=0.491 kde=0.546
[pool 118/1024] mst e0.32 r55: AUC mm=0.528 kde=0.473
[pool 119/1024] mst e0.32 r54: AUC mm=0.539 kde=0.517
[pool 120/1024] mst e0.32 r57: AUC mm=0.506 kde=0.452
[pool 121/1024] mst e0.32 r56: AUC mm=0.503 kde=0.512
[pool 122/1024] mst e0.32 r58: AUC mm=0.477 kde=0.497
[pool 123/1024] mst e0.32 r60: AUC mm=0.521 kde=0.485
[pool 124/1024] mst e0.32 r59: AUC mm=0.518 kde=0.502
[pool 125/1024] mst e0.32 r61: AUC mm=0.520 kde=0.458
[pool 126/1024] mst e0.32 r62: AUC mm=0.527 kde=0.513
[pool 127/1024] mst e0.32 r63: AUC mm=0.520 kde=0.522
[pool 128/1024] mst e1.00 r0: AUC mm=0.527 kde=0.482
[pool 129/1024] mst e1.00 r1: AUC mm=0.513 kde=0.527
[pool 130/1024] mst e1.00 r4: AUC mm=0.527 kde=0.536
[pool 131/1024] mst e1.00 r2: AUC mm=0.496 kde=0.533
[pool 132/1024] mst e1.00 r3: AUC mm=0.514 kde=0.496
[pool 133/1024] mst e1.00 r5: AUC mm=0.496 kde=0.493
[pool 134/1024] mst e1.00 r6: AUC mm=0.468 kde=0.482
[pool 135/1024] mst e1.00 r8: AUC mm=0.543 kde=0.478
[pool 136/1024] mst e1.00 r7: AUC mm=0.457 kde=0.508
[pool 137/1024] mst e1.00 r9: AUC mm=0.493 kde=0.522
[pool 138/1024] mst e1.00 r10: AUC mm=0.502 kde=0.521
[pool 139/1024] mst e1.00 r11: AUC mm=0.499 kde=0.521
[pool 140/1024] mst e1.00 r12: AUC mm=0.479 kde=0.501
[pool 141/1024] mst e1.00 r13: AUC mm=0.501 kde=0.486
[pool 142/1024] mst e1.00 r14: AUC mm=0.478 kde=0.483
[pool 143/1024] mst e1.00 r15: AUC mm=0.492 kde=0.490
[pool 144/1024] mst e1.00 r16: AUC mm=0.502 kde=0.511
[pool 145/1024] mst e1.00 r17: AUC mm=0.479 kde=0.526
[pool 146/1024] mst e1.00 r18: AUC mm=0.512 kde=0.498
[pool 147/1024] mst e1.00 r19: AUC mm=0.497 kde=0.550
[pool 148/1024] mst e1.00 r20: AUC mm=0.469 kde=0.503
[pool 149/1024] mst e1.00 r21: AUC mm=0.481 kde=0.514
[pool 150/1024] mst e1.00 r22: AUC mm=0.507 kde=0.496
[pool 151/1024] mst e1.00 r23: AUC mm=0.498 kde=0.463
[pool 152/1024] mst e1.00 r25: AUC mm=0.522 kde=0.502
[pool 153/1024] mst e1.00 r26: AUC mm=0.511 kde=0.494
[pool 154/1024] mst e1.00 r24: AUC mm=0.521 kde=0.519
[pool 155/1024] mst e1.00 r27: AUC mm=0.547 kde=0.480
[pool 156/1024] mst e1.00 r28: AUC mm=0.526 kde=0.527
[pool 157/1024] mst e1.00 r31: AUC mm=0.516 kde=0.464
[pool 158/1024] mst e1.00 r30: AUC mm=0.533 kde=0.511
[pool 159/1024] mst e1.00 r29: AUC mm=0.499 kde=0.460
[pool 160/1024] mst e1.00 r32: AUC mm=0.533 kde=0.491
[pool 161/1024] mst e1.00 r35: AUC mm=0.488 kde=0.483
[pool 162/1024] mst e1.00 r33: AUC mm=0.503 kde=0.504
[pool 163/1024] mst e1.00 r34: AUC mm=0.562 kde=0.486
[pool 164/1024] mst e1.00 r36: AUC mm=0.504 kde=0.521
[pool 165/1024] mst e1.00 r37: AUC mm=0.515 kde=0.494
[pool 166/1024] mst e1.00 r38: AUC mm=0.537 kde=0.502
[pool 167/1024] mst e1.00 r39: AUC mm=0.531 kde=0.530
[pool 168/1024] mst e1.00 r40: AUC mm=0.486 kde=0.520
[pool 169/1024] mst e1.00 r41: AUC mm=0.492 kde=0.465
[pool 170/1024] mst e1.00 r42: AUC mm=0.523 kde=0.475
[pool 171/1024] mst e1.00 r43: AUC mm=0.515 kde=0.503
[pool 172/1024] mst e0.10 r41: AUC mm=0.459 kde=0.504
[pool 173/1024] mst e1.00 r44: AUC mm=0.485 kde=0.494
[pool 174/1024] mst e1.00 r45: AUC mm=0.547 kde=0.512
[pool 175/1024] mst e1.00 r46: AUC mm=0.477 kde=0.517
[pool 176/1024] mst e1.00 r47: AUC mm=0.541 kde=0.480
[pool 177/1024] mst e1.00 r48: AUC mm=0.555 kde=0.451
[pool 178/1024] mst e1.00 r49: AUC mm=0.486 kde=0.510
[pool 179/1024] mst e1.00 r50: AUC mm=0.536 kde=0.520
[pool 180/1024] mst e1.00 r51: AUC mm=0.555 kde=0.527
[pool 181/1024] mst e1.00 r52: AUC mm=0.522 kde=0.541
[pool 182/1024] mst e1.00 r53: AUC mm=0.510 kde=0.509
[pool 183/1024] mst e1.00 r54: AUC mm=0.562 kde=0.538
[pool 184/1024] mst e1.00 r55: AUC mm=0.496 kde=0.503
[pool 185/1024] mst e1.00 r56: AUC mm=0.547 kde=0.559
[pool 186/1024] mst e1.00 r57: AUC mm=0.494 kde=0.467
[pool 187/1024] mst e1.00 r58: AUC mm=0.529 kde=0.498
[pool 188/1024] mst e1.00 r59: AUC mm=0.519 kde=0.483
[pool 189/1024] mst e1.00 r60: AUC mm=0.534 kde=0.538
[pool 190/1024] mst e1.00 r61: AUC mm=0.476 kde=0.530
[pool 191/1024] mst e1.00 r62: AUC mm=0.551 kde=0.497
[pool 192/1024] mst e3.16 r0: AUC mm=0.518 kde=0.510
[pool 193/1024] mst e1.00 r63: AUC mm=0.505 kde=0.530
[pool 194/1024] mst e3.16 r1: AUC mm=0.535 kde=0.490
[pool 195/1024] mst e3.16 r2: AUC mm=0.540 kde=0.523
[pool 196/1024] mst e3.16 r3: AUC mm=0.522 kde=0.424
[pool 197/1024] mst e3.16 r4: AUC mm=0.506 kde=0.534
[pool 198/1024] mst e3.16 r5: AUC mm=0.546 kde=0.477
[pool 199/1024] mst e3.16 r7: AUC mm=0.489 kde=0.475
[pool 200/1024] mst e3.16 r6: AUC mm=0.515 kde=0.497
[pool 201/1024] mst e3.16 r10: AUC mm=0.475 kde=0.455
[pool 202/1024] mst e3.16 r9: AUC mm=0.566 kde=0.506
[pool 203/1024] mst e3.16 r11: AUC mm=0.456 kde=0.462
[pool 204/1024] mst e3.16 r12: AUC mm=0.560 kde=0.505
[pool 205/1024] mst e3.16 r8: AUC mm=0.516 kde=0.493
[pool 206/1024] mst e3.16 r13: AUC mm=0.544 kde=0.466
[pool 207/1024] mst e3.16 r15: AUC mm=0.548 kde=0.468
[pool 208/1024] mst e3.16 r14: AUC mm=0.517 kde=0.490
[pool 209/1024] mst e3.16 r17: AUC mm=0.528 kde=0.542
[pool 210/1024] mst e3.16 r19: AUC mm=0.534 kde=0.520
[pool 211/1024] mst e3.16 r16: AUC mm=0.570 kde=0.494
[pool 212/1024] mst e3.16 r20: AUC mm=0.557 kde=0.487
[pool 213/1024] mst e3.16 r18: AUC mm=0.535 kde=0.516
[pool 214/1024] mst e3.16 r21: AUC mm=0.503 kde=0.515
[pool 215/1024] mst e3.16 r22: AUC mm=0.508 kde=0.508
[pool 216/1024] mst e3.16 r23: AUC mm=0.541 kde=0.518
[pool 217/1024] mst e3.16 r25: AUC mm=0.533 kde=0.531
[pool 218/1024] mst e3.16 r24: AUC mm=0.538 kde=0.490
[pool 219/1024] mst e3.16 r26: AUC mm=0.545 kde=0.515
[pool 220/1024] mst e3.16 r27: AUC mm=0.596 kde=0.557
[pool 221/1024] mst e3.16 r29: AUC mm=0.488 kde=0.511
[pool 222/1024] mst e3.16 r30: AUC mm=0.550 kde=0.496
[pool 223/1024] mst e3.16 r28: AUC mm=0.515 kde=0.499
[pool 224/1024] mst e3.16 r32: AUC mm=0.490 kde=0.480
[pool 225/1024] mst e3.16 r33: AUC mm=0.510 kde=0.495
[pool 226/1024] mst e3.16 r31: AUC mm=0.490 kde=0.448
[pool 227/1024] mst e3.16 r35: AUC mm=0.573 kde=0.513
[pool 228/1024] mst e3.16 r36: AUC mm=0.534 kde=0.553
[pool 229/1024] mst e3.16 r34: AUC mm=0.569 kde=0.518
[pool 230/1024] mst e3.16 r38: AUC mm=0.498 kde=0.527
[pool 231/1024] mst e3.16 r37: AUC mm=0.538 kde=0.512
[pool 232/1024] mst e3.16 r39: AUC mm=0.476 kde=0.512
[pool 233/1024] mst e3.16 r40: AUC mm=0.521 kde=0.516
[pool 234/1024] mst e3.16 r41: AUC mm=0.536 kde=0.478
[pool 235/1024] mst e3.16 r42: AUC mm=0.476 kde=0.486
[pool 236/1024] mst e3.16 r43: AUC mm=0.575 kde=0.469
[pool 237/1024] mst e3.16 r44: AUC mm=0.512 kde=0.502
[pool 238/1024] mst e3.16 r45: AUC mm=0.533 kde=0.446
[pool 239/1024] mst e3.16 r47: AUC mm=0.504 kde=0.490
[pool 240/1024] mst e3.16 r48: AUC mm=0.507 kde=0.499
[pool 241/1024] mst e3.16 r50: AUC mm=0.510 kde=0.520
[pool 242/1024] mst e3.16 r49: AUC mm=0.487 kde=0.514
[pool 243/1024] mst e3.16 r46: AUC mm=0.544 kde=0.507
[pool 244/1024] mst e3.16 r51: AUC mm=0.551 kde=0.529
[pool 245/1024] mst e3.16 r52: AUC mm=0.509 kde=0.504
[pool 246/1024] mst e3.16 r53: AUC mm=0.549 kde=0.562
[pool 247/1024] mst e3.16 r55: AUC mm=0.517 kde=0.499
[pool 248/1024] mst e3.16 r54: AUC mm=0.495 kde=0.525
[pool 249/1024] mst e3.16 r56: AUC mm=0.599 kde=0.512
[pool 250/1024] mst e3.16 r57: AUC mm=0.552 kde=0.466
[pool 251/1024] mst e3.16 r58: AUC mm=0.526 kde=0.520
[pool 252/1024] mst e3.16 r59: AUC mm=0.517 kde=0.489
[pool 253/1024] mst e3.16 r60: AUC mm=0.556 kde=0.538
[pool 254/1024] mst e3.16 r61: AUC mm=0.511 kde=0.508
[pool 255/1024] mst e3.16 r62: AUC mm=0.550 kde=0.518
[pool 256/1024] mst e3.16 r63: AUC mm=0.515 kde=0.522
[pool 257/1024] mst e10.00 r0: AUC mm=0.578 kde=0.529
[pool 258/1024] mst e10.00 r1: AUC mm=0.581 kde=0.501
[pool 259/1024] mst e10.00 r3: AUC mm=0.633 kde=0.467
[pool 260/1024] mst e10.00 r4: AUC mm=0.639 kde=0.507
[pool 261/1024] mst e10.00 r2: AUC mm=0.595 kde=0.514
[pool 262/1024] mst e10.00 r5: AUC mm=0.622 kde=0.511
[pool 263/1024] mst e10.00 r6: AUC mm=0.614 kde=0.532
[pool 264/1024] mst e10.00 r9: AUC mm=0.595 kde=0.514
[pool 265/1024] mst e10.00 r10: AUC mm=0.642 kde=0.514
[pool 266/1024] mst e10.00 r8: AUC mm=0.605 kde=0.490
[pool 267/1024] mst e10.00 r7: AUC mm=0.589 kde=0.552
[pool 268/1024] mst e10.00 r11: AUC mm=0.621 kde=0.495
[pool 269/1024] mst e10.00 r12: AUC mm=0.620 kde=0.488
[pool 270/1024] mst e10.00 r13: AUC mm=0.551 kde=0.486
[pool 271/1024] mst e10.00 r14: AUC mm=0.621 kde=0.485
[pool 272/1024] mst e10.00 r15: AUC mm=0.622 kde=0.545
[pool 273/1024] mst e10.00 r16: AUC mm=0.594 kde=0.469
[pool 274/1024] mst e10.00 r18: AUC mm=0.554 kde=0.521
[pool 275/1024] mst e10.00 r17: AUC mm=0.562 kde=0.499
[pool 276/1024] mst e10.00 r19: AUC mm=0.587 kde=0.545
[pool 277/1024] mst e10.00 r20: AUC mm=0.599 kde=0.493
[pool 278/1024] mst e10.00 r21: AUC mm=0.617 kde=0.504
[pool 279/1024] mst e10.00 r22: AUC mm=0.597 kde=0.511
[pool 280/1024] mst e10.00 r23: AUC mm=0.613 kde=0.529
[pool 281/1024] mst e10.00 r24: AUC mm=0.635 kde=0.537
[pool 282/1024] mst e10.00 r25: AUC mm=0.582 kde=0.509
[pool 283/1024] mst e10.00 r26: AUC mm=0.586 kde=0.467
[pool 284/1024] mst e10.00 r27: AUC mm=0.626 kde=0.545
[pool 285/1024] mst e10.00 r28: AUC mm=0.623 kde=0.478
[pool 286/1024] mst e10.00 r29: AUC mm=0.585 kde=0.496
[pool 287/1024] mst e10.00 r30: AUC mm=0.620 kde=0.534
[pool 288/1024] mst e10.00 r31: AUC mm=0.589 kde=0.476
[pool 289/1024] mst e10.00 r32: AUC mm=0.640 kde=0.494
[pool 290/1024] mst e10.00 r33: AUC mm=0.608 kde=0.478
[pool 291/1024] mst e10.00 r34: AUC mm=0.630 kde=0.520
[pool 292/1024] mst e10.00 r35: AUC mm=0.619 kde=0.514
[pool 293/1024] mst e10.00 r36: AUC mm=0.645 kde=0.521
[pool 294/1024] mst e10.00 r37: AUC mm=0.592 kde=0.520
[pool 295/1024] mst e10.00 r38: AUC mm=0.608 kde=0.514
[pool 296/1024] mst e10.00 r39: AUC mm=0.621 kde=0.534
[pool 297/1024] mst e10.00 r40: AUC mm=0.579 kde=0.530
[pool 298/1024] mst e10.00 r42: AUC mm=0.568 kde=0.471
[pool 299/1024] mst e10.00 r41: AUC mm=0.621 kde=0.446
[pool 300/1024] mst e10.00 r43: AUC mm=0.628 kde=0.521
[pool 301/1024] mst e10.00 r45: AUC mm=0.606 kde=0.504
[pool 302/1024] mst e10.00 r44: AUC mm=0.582 kde=0.462
[pool 303/1024] mst e10.00 r46: AUC mm=0.608 kde=0.529
[pool 304/1024] mst e10.00 r47: AUC mm=0.565 kde=0.536
[pool 305/1024] mst e10.00 r48: AUC mm=0.640 kde=0.479
[pool 306/1024] mst e10.00 r50: AUC mm=0.567 kde=0.463
[pool 307/1024] mst e10.00 r49: AUC mm=0.584 kde=0.509
[pool 308/1024] mst e10.00 r51: AUC mm=0.590 kde=0.501
[pool 309/1024] mst e10.00 r53: AUC mm=0.604 kde=0.509
[pool 310/1024] mst e10.00 r52: AUC mm=0.573 kde=0.511
[pool 311/1024] mst e10.00 r54: AUC mm=0.653 kde=0.507
[pool 312/1024] mst e10.00 r55: AUC mm=0.626 kde=0.508
[pool 313/1024] mst e10.00 r56: AUC mm=0.655 kde=0.516
[pool 314/1024] mst e10.00 r58: AUC mm=0.641 kde=0.514
[pool 315/1024] mst e10.00 r59: AUC mm=0.566 kde=0.437
[pool 316/1024] mst e10.00 r57: AUC mm=0.595 kde=0.526
[pool 317/1024] mst e10.00 r60: AUC mm=0.599 kde=0.537
[pool 318/1024] mst e10.00 r61: AUC mm=0.640 kde=0.522
[pool 319/1024] mst e10.00 r62: AUC mm=0.605 kde=0.524
[pool 320/1024] mst e10.00 r63: AUC mm=0.593 kde=0.545
[pool 321/1024] mst e31.62 r1: AUC mm=0.697 kde=0.521
[pool 322/1024] mst e31.62 r0: AUC mm=0.687 kde=0.464
[pool 323/1024] mst e31.62 r3: AUC mm=0.688 kde=0.509
[pool 324/1024] mst e31.62 r2: AUC mm=0.708 kde=0.489
[pool 325/1024] mst e31.62 r4: AUC mm=0.700 kde=0.515
[pool 326/1024] mst e31.62 r6: AUC mm=0.688 kde=0.528
[pool 327/1024] mst e31.62 r5: AUC mm=0.690 kde=0.551
[pool 328/1024] mst e31.62 r7: AUC mm=0.647 kde=0.499
[pool 329/1024] mst e31.62 r8: AUC mm=0.653 kde=0.523
[pool 330/1024] mst e31.62 r9: AUC mm=0.677 kde=0.529
[pool 331/1024] mst e31.62 r10: AUC mm=0.645 kde=0.513
[pool 332/1024] mst e31.62 r12: AUC mm=0.641 kde=0.517
[pool 333/1024] mst e31.62 r11: AUC mm=0.673 kde=0.502
[pool 334/1024] mst e31.62 r13: AUC mm=0.682 kde=0.524
[pool 335/1024] mst e31.62 r14: AUC mm=0.709 kde=0.500
[pool 336/1024] mst e31.62 r16: AUC mm=0.677 kde=0.481
[pool 337/1024] mst e31.62 r15: AUC mm=0.668 kde=0.466
[pool 338/1024] mst e31.62 r17: AUC mm=0.678 kde=0.500
[pool 339/1024] mst e31.62 r18: AUC mm=0.691 kde=0.519
[pool 340/1024] mst e31.62 r20: AUC mm=0.695 kde=0.516
[pool 341/1024] mst e31.62 r19: AUC mm=0.717 kde=0.532
[pool 342/1024] mst e31.62 r21: AUC mm=0.688 kde=0.481
[pool 343/1024] mst e31.62 r23: AUC mm=0.628 kde=0.530
[pool 344/1024] mst e31.62 r24: AUC mm=0.668 kde=0.512
[pool 345/1024] mst e31.62 r26: AUC mm=0.678 kde=0.517
[pool 346/1024] mst e31.62 r25: AUC mm=0.685 kde=0.504
[pool 347/1024] mst e31.62 r22: AUC mm=0.687 kde=0.514
[pool 348/1024] mst e31.62 r27: AUC mm=0.678 kde=0.522
[pool 349/1024] mst e31.62 r29: AUC mm=0.676 kde=0.498
[pool 350/1024] mst e31.62 r28: AUC mm=0.676 kde=0.523
[pool 351/1024] mst e31.62 r30: AUC mm=0.673 kde=0.485
[pool 352/1024] mst e31.62 r31: AUC mm=0.701 kde=0.467
[pool 353/1024] mst e31.62 r32: AUC mm=0.695 kde=0.476
[pool 354/1024] mst e31.62 r34: AUC mm=0.715 kde=0.546
[pool 355/1024] mst e31.62 r33: AUC mm=0.680 kde=0.449
[pool 356/1024] mst e31.62 r35: AUC mm=0.705 kde=0.522
[pool 357/1024] mst e31.62 r36: AUC mm=0.726 kde=0.481
[pool 358/1024] mst e31.62 r38: AUC mm=0.649 kde=0.529
[pool 359/1024] mst e31.62 r39: AUC mm=0.678 kde=0.492
[pool 360/1024] mst e31.62 r37: AUC mm=0.678 kde=0.505
[pool 361/1024] mst e31.62 r40: AUC mm=0.676 kde=0.509
[pool 362/1024] mst e31.62 r41: AUC mm=0.691 kde=0.509
[pool 363/1024] mst e31.62 r43: AUC mm=0.689 kde=0.490
[pool 364/1024] mst e31.62 r42: AUC mm=0.684 kde=0.480
[pool 365/1024] mst e31.62 r44: AUC mm=0.699 kde=0.494
[pool 366/1024] mst e31.62 r46: AUC mm=0.707 kde=0.498
[pool 367/1024] mst e31.62 r45: AUC mm=0.686 kde=0.481
[pool 368/1024] mst e31.62 r47: AUC mm=0.679 kde=0.506
[pool 369/1024] mst e31.62 r48: AUC mm=0.723 kde=0.465
[pool 370/1024] mst e31.62 r49: AUC mm=0.680 kde=0.473
[pool 371/1024] mst e31.62 r51: AUC mm=0.683 kde=0.516
[pool 372/1024] mst e31.62 r50: AUC mm=0.660 kde=0.517
[pool 373/1024] mst e31.62 r52: AUC mm=0.672 kde=0.510
[pool 374/1024] mst e31.62 r54: AUC mm=0.670 kde=0.534
[pool 375/1024] mst e31.62 r53: AUC mm=0.645 kde=0.513
[pool 376/1024] mst e31.62 r55: AUC mm=0.667 kde=0.524
[pool 377/1024] mst e31.62 r57: AUC mm=0.703 kde=0.500
[pool 378/1024] mst e31.62 r56: AUC mm=0.678 kde=0.541
[pool 379/1024] mst e31.62 r58: AUC mm=0.666 kde=0.474
[pool 380/1024] mst e31.62 r60: AUC mm=0.706 kde=0.527
[pool 381/1024] mst e31.62 r59: AUC mm=0.687 kde=0.481
[pool 382/1024] mst e31.62 r61: AUC mm=0.689 kde=0.492
[pool 383/1024] mst e31.62 r62: AUC mm=0.683 kde=0.506
[pool 384/1024] mst e31.62 r63: AUC mm=0.690 kde=0.540
[pool 385/1024] mst e100.00 r1: AUC mm=0.781 kde=0.533
[pool 386/1024] mst e100.00 r0: AUC mm=0.779 kde=0.530
[pool 387/1024] mst e100.00 r2: AUC mm=0.802 kde=0.492
[pool 388/1024] mst e100.00 r4: AUC mm=0.780 kde=0.504
[pool 389/1024] mst e100.00 r3: AUC mm=0.788 kde=0.499
[pool 390/1024] mst e100.00 r6: AUC mm=0.762 kde=0.497
[pool 391/1024] mst e100.00 r5: AUC mm=0.771 kde=0.551
[pool 392/1024] mst e100.00 r8: AUC mm=0.754 kde=0.494
[pool 393/1024] mst e100.00 r7: AUC mm=0.800 kde=0.515
[pool 394/1024] mst e100.00 r10: AUC mm=0.781 kde=0.485
[pool 395/1024] mst e100.00 r9: AUC mm=0.761 kde=0.545
[pool 396/1024] mst e100.00 r11: AUC mm=0.803 kde=0.523
[pool 397/1024] mst e100.00 r12: AUC mm=0.807 kde=0.535
[pool 398/1024] mst e100.00 r13: AUC mm=0.793 kde=0.508
[pool 399/1024] mst e100.00 r16: AUC mm=0.789 kde=0.480
[pool 400/1024] mst e100.00 r15: AUC mm=0.830 kde=0.521
[pool 401/1024] mst e100.00 r14: AUC mm=0.755 kde=0.549
[pool 402/1024] mst e100.00 r18: AUC mm=0.799 kde=0.480
[pool 403/1024] mst e100.00 r17: AUC mm=0.782 kde=0.525
[pool 404/1024] mst e100.00 r19: AUC mm=0.784 kde=0.519
[pool 405/1024] mst e100.00 r20: AUC mm=0.794 kde=0.460
[pool 406/1024] mst e100.00 r21: AUC mm=0.809 kde=0.522
[pool 407/1024] mst e100.00 r22: AUC mm=0.769 kde=0.469
[pool 408/1024] mst e100.00 r23: AUC mm=0.798 kde=0.529
[pool 409/1024] mst e100.00 r24: AUC mm=0.735 kde=0.511
[pool 410/1024] mst e100.00 r25: AUC mm=0.780 kde=0.547
[pool 411/1024] mst e100.00 r26: AUC mm=0.776 kde=0.496
[pool 412/1024] mst e100.00 r27: AUC mm=0.773 kde=0.515
[pool 413/1024] mst e100.00 r28: AUC mm=0.811 kde=0.504
[pool 414/1024] mst e100.00 r29: AUC mm=0.837 kde=0.481
[pool 415/1024] mst e100.00 r31: AUC mm=0.768 kde=0.488
[pool 416/1024] mst e100.00 r30: AUC mm=0.830 kde=0.538
[pool 417/1024] mst e100.00 r32: AUC mm=0.799 kde=0.512
[pool 418/1024] mst e100.00 r36: AUC mm=0.769 kde=0.493
[pool 419/1024] mst e100.00 r33: AUC mm=0.805 kde=0.483
[pool 420/1024] mst e100.00 r35: AUC mm=0.797 kde=0.496
[pool 421/1024] mst e100.00 r34: AUC mm=0.758 kde=0.536
[pool 422/1024] mst e100.00 r38: AUC mm=0.761 kde=0.489
[pool 423/1024] mst e100.00 r37: AUC mm=0.790 kde=0.478
[pool 424/1024] mst e100.00 r39: AUC mm=0.805 kde=0.532
[pool 425/1024] mst e100.00 r40: AUC mm=0.765 kde=0.487
[pool 426/1024] mst e100.00 r41: AUC mm=0.789 kde=0.505
[pool 427/1024] mst e100.00 r42: AUC mm=0.778 kde=0.504
[pool 428/1024] mst e100.00 r43: AUC mm=0.790 kde=0.481
[pool 429/1024] mst e100.00 r44: AUC mm=0.785 kde=0.503
[pool 430/1024] mst e100.00 r46: AUC mm=0.740 kde=0.546
[pool 431/1024] mst e100.00 r47: AUC mm=0.801 kde=0.507
[pool 432/1024] mst e100.00 r48: AUC mm=0.813 kde=0.442
[pool 433/1024] mst e100.00 r45: AUC mm=0.804 kde=0.528
[pool 434/1024] mst e100.00 r51: AUC mm=0.766 kde=0.537
[pool 435/1024] mst e100.00 r50: AUC mm=0.766 kde=0.502
[pool 436/1024] mst e100.00 r49: AUC mm=0.808 kde=0.498
[pool 437/1024] mst e100.00 r53: AUC mm=0.810 kde=0.519
[pool 438/1024] mst e100.00 r52: AUC mm=0.755 kde=0.539
[pool 439/1024] mst e100.00 r55: AUC mm=0.775 kde=0.508
[pool 440/1024] mst e100.00 r54: AUC mm=0.815 kde=0.538
[pool 441/1024] mst e100.00 r57: AUC mm=0.787 kde=0.495
[pool 442/1024] mst e100.00 r56: AUC mm=0.795 kde=0.528
[pool 443/1024] mst e100.00 r58: AUC mm=0.785 kde=0.550
[pool 444/1024] mst e100.00 r59: AUC mm=0.788 kde=0.538
[pool 445/1024] mst e100.00 r60: AUC mm=0.793 kde=0.534
[pool 446/1024] mst e100.00 r62: AUC mm=0.763 kde=0.493
[pool 447/1024] mst e100.00 r63: AUC mm=0.801 kde=0.517
[pool 448/1024] mst e1000.00 r0: AUC mm=0.820 kde=0.511
[pool 449/1024] mst e100.00 r61: AUC mm=0.745 kde=0.520
[pool 450/1024] mst e1000.00 r1: AUC mm=0.842 kde=0.520
[pool 451/1024] mst e1000.00 r2: AUC mm=0.804 kde=0.490
[pool 452/1024] mst e1000.00 r3: AUC mm=0.827 kde=0.456
[pool 453/1024] mst e1000.00 r4: AUC mm=0.832 kde=0.532
[pool 454/1024] mst e1000.00 r6: AUC mm=0.849 kde=0.560
[pool 455/1024] mst e1000.00 r5: AUC mm=0.822 kde=0.539
[pool 456/1024] mst e1000.00 r8: AUC mm=0.806 kde=0.509
[pool 457/1024] mst e1000.00 r7: AUC mm=0.854 kde=0.496
[pool 458/1024] mst e1000.00 r9: AUC mm=0.828 kde=0.538
[pool 459/1024] mst e1000.00 r10: AUC mm=0.830 kde=0.498
[pool 460/1024] mst e1000.00 r11: AUC mm=0.830 kde=0.516
[pool 461/1024] mst e1000.00 r13: AUC mm=0.812 kde=0.517
[pool 462/1024] mst e1000.00 r14: AUC mm=0.849 kde=0.506
[pool 463/1024] mst e1000.00 r15: AUC mm=0.809 kde=0.497
[pool 464/1024] mst e1000.00 r12: AUC mm=0.829 kde=0.480
[pool 465/1024] mst e1000.00 r17: AUC mm=0.832 kde=0.538
[pool 466/1024] mst e1000.00 r16: AUC mm=0.842 kde=0.522
[pool 467/1024] mst e1000.00 r20: AUC mm=0.843 kde=0.498
[pool 468/1024] mst e1000.00 r19: AUC mm=0.825 kde=0.520
[pool 469/1024] mst e1000.00 r18: AUC mm=0.815 kde=0.531
[pool 470/1024] mst e1000.00 r21: AUC mm=0.862 kde=0.522
[pool 471/1024] mst e1000.00 r23: AUC mm=0.838 kde=0.475
[pool 472/1024] mst e1000.00 r24: AUC mm=0.835 kde=0.515
[pool 473/1024] mst e1000.00 r22: AUC mm=0.847 kde=0.471
[pool 474/1024] mst e1000.00 r25: AUC mm=0.824 kde=0.557
[pool 475/1024] mst e1000.00 r26: AUC mm=0.835 kde=0.469
[pool 476/1024] mst e1000.00 r27: AUC mm=0.852 kde=0.532
[pool 477/1024] mst e1000.00 r28: AUC mm=0.857 kde=0.510
[pool 478/1024] mst e1000.00 r29: AUC mm=0.854 kde=0.520
[pool 479/1024] mst e1000.00 r30: AUC mm=0.807 kde=0.550
[pool 480/1024] mst e1000.00 r32: AUC mm=0.837 kde=0.564
[pool 481/1024] mst e1000.00 r31: AUC mm=0.834 kde=0.463
[pool 482/1024] mst e1000.00 r33: AUC mm=0.833 kde=0.492
[pool 483/1024] mst e1000.00 r34: AUC mm=0.830 kde=0.507
[pool 484/1024] mst e1000.00 r35: AUC mm=0.794 kde=0.563
[pool 485/1024] mst e1000.00 r37: AUC mm=0.845 kde=0.540
[pool 486/1024] mst e1000.00 r38: AUC mm=0.811 kde=0.536
[pool 487/1024] mst e1000.00 r36: AUC mm=0.852 kde=0.525
[pool 488/1024] mst e1000.00 r39: AUC mm=0.840 kde=0.528
[pool 489/1024] mst e1000.00 r40: AUC mm=0.819 kde=0.491
[pool 490/1024] mst e1000.00 r41: AUC mm=0.831 kde=0.516
[pool 491/1024] mst e1000.00 r42: AUC mm=0.855 kde=0.516
[pool 492/1024] mst e1000.00 r43: AUC mm=0.813 kde=0.485
[pool 493/1024] mst e1000.00 r44: AUC mm=0.818 kde=0.499
[pool 494/1024] mst e1000.00 r45: AUC mm=0.825 kde=0.504
[pool 495/1024] mst e1000.00 r46: AUC mm=0.804 kde=0.485
[pool 496/1024] mst e1000.00 r47: AUC mm=0.834 kde=0.523
[pool 497/1024] mst e1000.00 r48: AUC mm=0.853 kde=0.518
[pool 498/1024] mst e1000.00 r49: AUC mm=0.814 kde=0.543
[pool 499/1024] mst e1000.00 r50: AUC mm=0.832 kde=0.542
[pool 500/1024] mst e1000.00 r51: AUC mm=0.829 kde=0.516
[pool 501/1024] priv e0.10 r0: AUC mm=0.495 kde=nan
[pool 502/1024] priv e0.10 r1: AUC mm=0.495 kde=nan
[pool 503/1024] mst e1000.00 r52: AUC mm=0.828 kde=0.523
[pool 504/1024] priv e0.10 r2: AUC mm=0.487 kde=nan
[pool 505/1024] priv e0.10 r3: AUC mm=0.533 kde=nan
[pool 506/1024] mst e1000.00 r53: AUC mm=0.826 kde=0.525
[pool 507/1024] mst e1000.00 r55: AUC mm=0.836 kde=0.509
[pool 508/1024] mst e1000.00 r54: AUC mm=0.828 kde=0.495
[pool 509/1024] mst e1000.00 r56: AUC mm=0.831 kde=0.517
[pool 510/1024] priv e0.10 r4: AUC mm=0.513 kde=nan
[pool 511/1024] priv e0.10 r5: AUC mm=0.548 kde=nan
[pool 512/1024] priv e0.10 r6: AUC mm=0.448 kde=nan
[pool 513/1024] priv e0.10 r7: AUC mm=0.502 kde=nan
[pool 514/1024] priv e0.10 r8: AUC mm=0.509 kde=nan
[pool 515/1024] priv e0.10 r10: AUC mm=0.517 kde=nan
[pool 516/1024] priv e0.10 r9: AUC mm=0.512 kde=0.537
[pool 517/1024] priv e0.10 r11: AUC mm=0.476 kde=nan
[pool 518/1024] priv e0.10 r12: AUC mm=0.592 kde=nan
[pool 519/1024] mst e1000.00 r57: AUC mm=0.817 kde=0.505
[pool 520/1024] priv e0.10 r13: AUC mm=0.487 kde=nan
[pool 521/1024] priv e0.10 r14: AUC mm=0.518 kde=nan
[pool 522/1024] priv e0.10 r15: AUC mm=0.509 kde=nan
[pool 523/1024] priv e0.10 r16: AUC mm=0.553 kde=nan
[pool 524/1024] mst e1000.00 r58: AUC mm=0.788 kde=0.494
[pool 525/1024] priv e0.10 r18: AUC mm=0.498 kde=nan
[pool 526/1024] priv e0.10 r17: AUC mm=0.511 kde=nan
[pool 527/1024] priv e0.10 r19: AUC mm=0.463 kde=nan
[pool 528/1024] priv e0.10 r20: AUC mm=0.475 kde=nan
[pool 529/1024] priv e0.10 r21: AUC mm=0.477 kde=nan
[pool 530/1024] priv e0.10 r22: AUC mm=0.536 kde=nan
[pool 531/1024] priv e0.10 r23: AUC mm=0.543 kde=nan
[pool 532/1024] priv e0.10 r25: AUC mm=0.469 kde=nan
[pool 533/1024] priv e0.10 r24: AUC mm=0.479 kde=nan
[pool 534/1024] priv e0.10 r26: AUC mm=0.466 kde=nan
[pool 535/1024] priv e0.10 r27: AUC mm=0.481 kde=nan
[pool 536/1024] priv e0.10 r29: AUC mm=0.473 kde=nan
[pool 537/1024] priv e0.10 r30: AUC mm=0.434 kde=nan
[pool 538/1024] priv e0.10 r28: AUC mm=0.543 kde=nan
[pool 539/1024] priv e0.10 r31: AUC mm=0.518 kde=nan
[pool 540/1024] priv e0.10 r32: AUC mm=0.497 kde=nan
[pool 541/1024] priv e0.10 r33: AUC mm=0.488 kde=nan
[pool 542/1024] priv e0.10 r34: AUC mm=0.468 kde=nan
[pool 543/1024] priv e0.10 r35: AUC mm=0.478 kde=nan
[pool 544/1024] priv e0.10 r36: AUC mm=0.549 kde=nan
[pool 545/1024] priv e0.10 r37: AUC mm=0.488 kde=nan
[pool 546/1024] priv e0.10 r38: AUC mm=0.502 kde=0.477
[pool 547/1024] mst e1000.00 r59: AUC mm=0.858 kde=0.492
[pool 548/1024] priv e0.10 r39: AUC mm=0.485 kde=nan
[pool 549/1024] priv e0.10 r40: AUC mm=0.492 kde=nan
[pool 550/1024] priv e0.10 r41: AUC mm=0.476 kde=nan
[pool 551/1024] priv e0.10 r42: AUC mm=0.503 kde=nan
[pool 552/1024] priv e0.10 r43: AUC mm=0.518 kde=nan
[pool 553/1024] priv e0.10 r44: AUC mm=0.522 kde=nan
[pool 554/1024] mst e1000.00 r60: AUC mm=0.832 kde=0.547
[pool 555/1024] priv e0.10 r45: AUC mm=0.475 kde=nan
[pool 556/1024] priv e0.10 r46: AUC mm=0.510 kde=nan
[pool 557/1024] priv e0.10 r48: AUC mm=0.515 kde=nan
[pool 558/1024] priv e0.10 r47: AUC mm=0.492 kde=nan
[pool 559/1024] mst e1000.00 r61: AUC mm=0.810 kde=0.472
[pool 560/1024] mst e1000.00 r63: AUC mm=0.828 kde=0.511
[pool 561/1024] priv e0.10 r49: AUC mm=0.490 kde=nan
[pool 562/1024] mst e1000.00 r62: AUC mm=0.835 kde=0.503
[pool 563/1024] priv e0.10 r51: AUC mm=0.518 kde=nan
[pool 564/1024] priv e0.10 r52: AUC mm=0.498 kde=nan
[pool 565/1024] priv e0.10 r50: AUC mm=0.501 kde=nan
[pool 566/1024] priv e0.10 r53: AUC mm=0.496 kde=nan
[pool 567/1024] priv e0.10 r55: AUC mm=0.470 kde=nan
[pool 568/1024] priv e0.10 r54: AUC mm=0.567 kde=nan
[pool 569/1024] priv e0.10 r56: AUC mm=0.476 kde=nan
[pool 570/1024] priv e0.10 r57: AUC mm=0.516 kde=nan
[pool 571/1024] priv e0.10 r58: AUC mm=0.522 kde=nan
[pool 572/1024] priv e0.10 r59: AUC mm=0.511 kde=nan
[pool 573/1024] priv e0.10 r60: AUC mm=0.513 kde=nan
[pool 574/1024] priv e0.10 r62: AUC mm=0.466 kde=nan
[pool 575/1024] priv e0.32 r0: AUC mm=0.482 kde=0.525
[pool 576/1024] priv e0.10 r63: AUC mm=0.575 kde=nan
[pool 577/1024] priv e0.10 r61: AUC mm=0.538 kde=nan
[pool 578/1024] priv e0.32 r1: AUC mm=0.497 kde=0.496
[pool 579/1024] priv e0.32 r2: AUC mm=0.493 kde=0.503
[pool 580/1024] priv e0.32 r4: AUC mm=0.517 kde=0.519
[pool 581/1024] priv e0.32 r3: AUC mm=0.539 kde=0.525
[pool 582/1024] priv e0.32 r5: AUC mm=0.542 kde=0.510
[pool 583/1024] priv e0.32 r6: AUC mm=0.446 kde=0.499
[pool 584/1024] priv e0.32 r7: AUC mm=0.501 kde=0.496
[pool 585/1024] priv e0.32 r8: AUC mm=0.512 kde=0.488
[pool 586/1024] priv e0.32 r9: AUC mm=0.521 kde=0.515
[pool 587/1024] priv e0.32 r11: AUC mm=0.488 kde=0.491
[pool 588/1024] priv e0.32 r10: AUC mm=0.517 kde=0.543
[pool 589/1024] priv e0.32 r12: AUC mm=0.599 kde=0.594
[pool 590/1024] priv e0.32 r14: AUC mm=0.518 kde=0.501
[pool 591/1024] priv e0.32 r15: AUC mm=0.520 kde=0.474
[pool 592/1024] priv e0.32 r13: AUC mm=0.490 kde=0.516
[pool 593/1024] priv e0.32 r16: AUC mm=0.560 kde=0.499
[pool 594/1024] priv e0.32 r17: AUC mm=0.516 kde=0.503
[pool 595/1024] priv e0.32 r18: AUC mm=0.496 kde=0.524
[pool 596/1024] priv e0.32 r19: AUC mm=0.485 kde=0.494
[pool 597/1024] priv e0.32 r20: AUC mm=0.473 kde=0.463
[pool 598/1024] priv e0.32 r21: AUC mm=0.473 kde=0.509
[pool 599/1024] priv e0.32 r22: AUC mm=0.534 kde=0.494
[pool 600/1024] priv e0.32 r23: AUC mm=0.541 kde=0.524
[pool 601/1024] priv e0.32 r24: AUC mm=0.490 kde=0.473
[pool 602/1024] priv e0.32 r25: AUC mm=0.466 kde=0.509
[pool 603/1024] priv e0.32 r26: AUC mm=0.460 kde=0.469
[pool 604/1024] priv e0.32 r27: AUC mm=0.486 kde=0.476
[pool 605/1024] priv e0.32 r28: AUC mm=0.545 kde=0.525
[pool 606/1024] priv e0.32 r29: AUC mm=0.467 kde=0.508
[pool 607/1024] priv e0.32 r30: AUC mm=0.455 kde=0.488
[pool 608/1024] priv e0.32 r31: AUC mm=0.515 kde=0.522
[pool 609/1024] priv e0.32 r32: AUC mm=0.506 kde=0.466
[pool 610/1024] priv e0.32 r33: AUC mm=0.490 kde=0.514
[pool 611/1024] priv e0.32 r34: AUC mm=0.470 kde=0.478
[pool 612/1024] priv e0.32 r35: AUC mm=0.476 kde=0.537
[pool 613/1024] priv e0.32 r36: AUC mm=0.550 kde=0.559
[pool 614/1024] priv e0.32 r37: AUC mm=0.489 kde=0.513
[pool 615/1024] priv e0.32 r38: AUC mm=0.508 kde=0.530
[pool 616/1024] priv e0.32 r39: AUC mm=0.490 kde=0.551
[pool 617/1024] priv e0.32 r40: AUC mm=0.499 kde=0.475
[pool 618/1024] priv e0.32 r41: AUC mm=0.476 kde=0.455
[pool 619/1024] priv e0.32 r42: AUC mm=0.513 kde=0.478
[pool 620/1024] priv e0.32 r44: AUC mm=0.529 kde=0.491
[pool 621/1024] priv e0.32 r43: AUC mm=0.516 kde=0.538
[pool 622/1024] priv e0.32 r46: AUC mm=0.525 kde=0.479
[pool 623/1024] priv e0.32 r45: AUC mm=0.481 kde=0.502
[pool 624/1024] priv e0.32 r47: AUC mm=0.505 kde=0.509
[pool 625/1024] priv e0.32 r48: AUC mm=0.523 kde=0.485
[pool 626/1024] priv e0.32 r49: AUC mm=0.482 kde=0.479
[pool 627/1024] priv e0.32 r50: AUC mm=0.491 kde=0.548
[pool 628/1024] priv e0.32 r52: AUC mm=0.490 kde=0.488
[pool 629/1024] priv e0.32 r51: AUC mm=0.522 kde=0.471
[pool 630/1024] priv e0.32 r53: AUC mm=0.492 kde=0.521
[pool 631/1024] priv e0.32 r54: AUC mm=0.572 kde=0.517
[pool 632/1024] priv e0.32 r55: AUC mm=0.485 kde=0.482
[pool 633/1024] priv e0.32 r56: AUC mm=0.478 kde=0.506
[pool 634/1024] priv e0.32 r57: AUC mm=0.514 kde=0.508
[pool 635/1024] priv e0.32 r58: AUC mm=0.519 kde=0.465
[pool 636/1024] priv e0.32 r59: AUC mm=0.515 kde=0.512
[pool 637/1024] priv e0.32 r62: AUC mm=0.467 kde=0.483
[pool 638/1024] priv e0.32 r61: AUC mm=0.533 kde=0.512
[pool 639/1024] priv e0.32 r60: AUC mm=0.520 kde=0.513
[pool 640/1024] priv e0.32 r63: AUC mm=0.567 kde=0.495
[pool 641/1024] priv e1.00 r0: AUC mm=0.499 kde=0.528
[pool 642/1024] priv e1.00 r1: AUC mm=0.513 kde=0.502
[pool 643/1024] priv e1.00 r2: AUC mm=0.496 kde=0.489
[pool 644/1024] priv e1.00 r4: AUC mm=0.507 kde=0.516
[pool 645/1024] priv e1.00 r3: AUC mm=0.524 kde=0.505
[pool 646/1024] priv e1.00 r5: AUC mm=0.568 kde=0.523
[pool 647/1024] priv e1.00 r6: AUC mm=0.506 kde=0.533
[pool 648/1024] priv e1.00 r7: AUC mm=0.520 kde=0.496
[pool 649/1024] priv e1.00 r8: AUC mm=0.526 kde=0.522
[pool 650/1024] priv e1.00 r9: AUC mm=0.520 kde=0.498
[pool 651/1024] priv e1.00 r10: AUC mm=0.528 kde=0.484
[pool 652/1024] priv e1.00 r11: AUC mm=0.486 kde=0.506
[pool 653/1024] priv e1.00 r12: AUC mm=0.592 kde=0.547
[pool 654/1024] priv e1.00 r13: AUC mm=0.490 kde=0.509
[pool 655/1024] priv e1.00 r14: AUC mm=0.486 kde=0.471
[pool 656/1024] priv e1.00 r15: AUC mm=0.515 kde=0.472
[pool 657/1024] priv e1.00 r16: AUC mm=0.550 kde=0.504
[pool 658/1024] priv e1.00 r17: AUC mm=0.551 kde=0.531
[pool 659/1024] priv e1.00 r18: AUC mm=0.545 kde=0.501
[pool 660/1024] priv e1.00 r19: AUC mm=0.460 kde=0.497
[pool 661/1024] priv e1.00 r20: AUC mm=0.469 kde=0.456
[pool 662/1024] priv e1.00 r21: AUC mm=0.496 kde=0.491
[pool 663/1024] priv e1.00 r22: AUC mm=0.537 kde=0.459
[pool 664/1024] priv e1.00 r23: AUC mm=0.558 kde=0.550
[pool 665/1024] priv e1.00 r24: AUC mm=0.508 kde=0.494
[pool 666/1024] priv e1.00 r25: AUC mm=0.497 kde=0.511
[pool 667/1024] priv e1.00 r26: AUC mm=0.514 kde=0.459
[pool 668/1024] priv e1.00 r27: AUC mm=0.485 kde=0.491
[pool 669/1024] priv e1.00 r28: AUC mm=0.503 kde=0.518
[pool 670/1024] priv e1.00 r29: AUC mm=0.496 kde=0.480
[pool 671/1024] priv e1.00 r30: AUC mm=0.457 kde=0.488
[pool 672/1024] priv e1.00 r31: AUC mm=0.531 kde=0.510
[pool 673/1024] priv e1.00 r32: AUC mm=0.528 kde=0.479
[pool 674/1024] priv e1.00 r33: AUC mm=0.478 kde=0.499
[pool 675/1024] priv e1.00 r34: AUC mm=0.512 kde=0.489
[pool 676/1024] priv e1.00 r35: AUC mm=0.488 kde=0.532
[pool 677/1024] priv e1.00 r36: AUC mm=0.539 kde=0.558
[pool 678/1024] priv e1.00 r37: AUC mm=0.509 kde=0.494
[pool 679/1024] priv e1.00 r38: AUC mm=0.492 kde=0.528
[pool 680/1024] priv e1.00 r39: AUC mm=0.537 kde=0.539
[pool 681/1024] priv e1.00 r40: AUC mm=0.497 kde=0.514
[pool 682/1024] priv e1.00 r41: AUC mm=0.494 kde=0.473
[pool 683/1024] priv e1.00 r42: AUC mm=0.510 kde=0.438
[pool 684/1024] priv e1.00 r43: AUC mm=0.560 kde=0.500
[pool 685/1024] priv e1.00 r44: AUC mm=0.553 kde=0.493
[pool 686/1024] priv e1.00 r45: AUC mm=0.525 kde=0.512
[pool 687/1024] priv e1.00 r46: AUC mm=0.547 kde=0.517
[pool 688/1024] priv e1.00 r47: AUC mm=0.487 kde=0.490
[pool 689/1024] priv e1.00 r49: AUC mm=0.497 kde=0.477
[pool 690/1024] priv e1.00 r48: AUC mm=0.522 kde=0.452
[pool 691/1024] priv e1.00 r50: AUC mm=0.519 kde=0.484
[pool 692/1024] priv e1.00 r51: AUC mm=0.539 kde=0.512
[pool 693/1024] priv e1.00 r52: AUC mm=0.489 kde=0.560
[pool 694/1024] priv e1.00 r53: AUC mm=0.526 kde=0.514
[pool 695/1024] priv e1.00 r54: AUC mm=0.518 kde=0.528
[pool 696/1024] priv e1.00 r56: AUC mm=0.480 kde=0.507
[pool 697/1024] priv e1.00 r55: AUC mm=0.474 kde=0.466
[pool 698/1024] priv e1.00 r57: AUC mm=0.510 kde=0.513
[pool 699/1024] priv e1.00 r58: AUC mm=0.507 kde=0.489
[pool 700/1024] priv e1.00 r59: AUC mm=0.500 kde=0.485
[pool 701/1024] priv e1.00 r60: AUC mm=0.499 kde=0.545
[pool 702/1024] priv e1.00 r61: AUC mm=0.530 kde=0.505
[pool 703/1024] priv e1.00 r62: AUC mm=0.495 kde=0.520
[pool 704/1024] priv e1.00 r63: AUC mm=0.536 kde=0.476
[pool 705/1024] priv e3.16 r0: AUC mm=0.535 kde=0.491
[pool 706/1024] priv e3.16 r1: AUC mm=0.496 kde=0.495
[pool 707/1024] priv e3.16 r2: AUC mm=0.523 kde=0.506
[pool 708/1024] priv e3.16 r3: AUC mm=0.510 kde=0.490
[pool 709/1024] priv e3.16 r4: AUC mm=0.535 kde=0.527
[pool 710/1024] priv e3.16 r5: AUC mm=0.514 kde=0.493
[pool 711/1024] priv e3.16 r6: AUC mm=0.537 kde=0.513
[pool 712/1024] priv e3.16 r7: AUC mm=0.549 kde=0.497
[pool 713/1024] priv e3.16 r8: AUC mm=0.542 kde=0.466
[pool 714/1024] priv e3.16 r9: AUC mm=0.571 kde=0.529
[pool 715/1024] priv e3.16 r10: AUC mm=0.556 kde=0.547
[pool 716/1024] priv e3.16 r11: AUC mm=0.525 kde=0.498
[pool 717/1024] priv e3.16 r12: AUC mm=0.581 kde=0.515
[pool 718/1024] priv e3.16 r13: AUC mm=0.502 kde=0.501
[pool 719/1024] priv e3.16 r15: AUC mm=0.523 kde=0.515
[pool 720/1024] priv e3.16 r14: AUC mm=0.517 kde=0.503
[pool 721/1024] priv e3.16 r16: AUC mm=0.508 kde=0.503
[pool 722/1024] priv e3.16 r17: AUC mm=0.574 kde=0.543
[pool 723/1024] priv e3.16 r18: AUC mm=0.561 kde=0.535
[pool 724/1024] priv e3.16 r19: AUC mm=0.526 kde=0.503
[pool 725/1024] priv e3.16 r20: AUC mm=0.550 kde=0.498
[pool 726/1024] priv e3.16 r21: AUC mm=0.518 kde=0.500
[pool 727/1024] priv e3.16 r22: AUC mm=0.532 kde=0.496
[pool 728/1024] priv e3.16 r23: AUC mm=0.546 kde=0.526
[pool 729/1024] priv e3.16 r24: AUC mm=0.547 kde=0.493
[pool 730/1024] priv e3.16 r25: AUC mm=0.496 kde=0.524
[pool 731/1024] priv e3.16 r26: AUC mm=0.518 kde=0.445
[pool 732/1024] priv e3.16 r27: AUC mm=0.503 kde=0.494
[pool 733/1024] priv e3.16 r28: AUC mm=0.534 kde=0.496
[pool 734/1024] priv e3.16 r29: AUC mm=0.499 kde=0.530
[pool 735/1024] priv e3.16 r31: AUC mm=0.502 kde=0.527
[pool 736/1024] priv e3.16 r30: AUC mm=0.521 kde=0.525
[pool 737/1024] priv e3.16 r32: AUC mm=0.524 kde=0.435
[pool 738/1024] priv e3.16 r33: AUC mm=0.520 kde=0.501
[pool 739/1024] priv e3.16 r34: AUC mm=0.525 kde=0.487
[pool 740/1024] priv e3.16 r35: AUC mm=0.471 kde=0.511
[pool 741/1024] priv e3.16 r36: AUC mm=0.508 kde=0.479
[pool 742/1024] priv e3.16 r37: AUC mm=0.505 kde=0.483
[pool 743/1024] priv e3.16 r38: AUC mm=0.558 kde=0.529
[pool 744/1024] priv e3.16 r39: AUC mm=0.543 kde=0.543
[pool 745/1024] priv e3.16 r40: AUC mm=0.475 kde=0.495
[pool 746/1024] priv e3.16 r41: AUC mm=0.528 kde=0.464
[pool 747/1024] priv e3.16 r42: AUC mm=0.484 kde=0.501
[pool 748/1024] priv e3.16 r43: AUC mm=0.506 kde=0.535
[pool 749/1024] priv e3.16 r44: AUC mm=0.517 kde=0.501
[pool 750/1024] priv e3.16 r45: AUC mm=0.512 kde=0.501
[pool 751/1024] priv e3.16 r47: AUC mm=0.545 kde=0.490
[pool 752/1024] priv e3.16 r46: AUC mm=0.502 kde=0.482
[pool 753/1024] priv e3.16 r48: AUC mm=0.537 kde=0.475
[pool 754/1024] priv e3.16 r49: AUC mm=0.540 kde=0.518
[pool 755/1024] priv e3.16 r50: AUC mm=0.547 kde=0.514
[pool 756/1024] priv e3.16 r51: AUC mm=0.541 kde=0.515
[pool 757/1024] priv e3.16 r52: AUC mm=0.572 kde=0.572
[pool 758/1024] priv e3.16 r53: AUC mm=0.559 kde=0.484
[pool 759/1024] priv e3.16 r55: AUC mm=0.488 kde=0.513
[pool 760/1024] priv e3.16 r54: AUC mm=0.538 kde=0.527
[pool 761/1024] priv e3.16 r56: AUC mm=0.481 kde=0.508
[pool 762/1024] priv e3.16 r57: AUC mm=0.542 kde=0.502
[pool 763/1024] priv e3.16 r58: AUC mm=0.495 kde=0.516
[pool 764/1024] priv e3.16 r59: AUC mm=0.505 kde=0.485
[pool 765/1024] priv e3.16 r60: AUC mm=0.531 kde=0.552
[pool 766/1024] priv e3.16 r61: AUC mm=0.520 kde=0.503
[pool 767/1024] priv e10.00 r0: AUC mm=0.575 kde=0.468
[pool 768/1024] priv e3.16 r62: AUC mm=0.485 kde=0.514
[pool 769/1024] priv e10.00 r1: AUC mm=0.568 kde=0.550
[pool 770/1024] priv e10.00 r2: AUC mm=0.573 kde=0.495
[pool 771/1024] priv e3.16 r63: AUC mm=0.511 kde=0.484
[pool 772/1024] priv e10.00 r3: AUC mm=0.530 kde=0.483
[pool 773/1024] priv e10.00 r4: AUC mm=0.566 kde=0.526
[pool 774/1024] priv e10.00 r5: AUC mm=0.535 kde=0.488
[pool 775/1024] priv e10.00 r7: AUC mm=0.575 kde=0.514
[pool 776/1024] priv e10.00 r6: AUC mm=0.572 kde=0.528
[pool 777/1024] priv e10.00 r9: AUC mm=0.570 kde=0.494
[pool 778/1024] priv e10.00 r8: AUC mm=0.566 kde=0.454
[pool 779/1024] priv e10.00 r10: AUC mm=0.536 kde=0.482
[pool 780/1024] priv e10.00 r11: AUC mm=0.542 kde=0.491
[pool 781/1024] priv e10.00 r12: AUC mm=0.580 kde=0.510
[pool 782/1024] priv e10.00 r13: AUC mm=0.545 kde=0.481
[pool 783/1024] priv e10.00 r14: AUC mm=0.534 kde=0.444
[pool 784/1024] priv e10.00 r16: AUC mm=0.573 kde=0.499
[pool 785/1024] priv e10.00 r15: AUC mm=0.509 kde=0.520
[pool 786/1024] priv e10.00 r17: AUC mm=0.547 kde=0.504
[pool 787/1024] priv e10.00 r18: AUC mm=0.573 kde=0.556
[pool 788/1024] priv e10.00 r19: AUC mm=0.510 kde=0.520
[pool 789/1024] priv e10.00 r21: AUC mm=0.548 kde=0.474
[pool 790/1024] priv e10.00 r20: AUC mm=0.550 kde=0.494
[pool 791/1024] priv e10.00 r22: AUC mm=0.602 kde=0.452
[pool 792/1024] priv e10.00 r23: AUC mm=0.571 kde=0.530
[pool 793/1024] priv e10.00 r24: AUC mm=0.592 kde=0.510
[pool 794/1024] priv e10.00 r26: AUC mm=0.518 kde=0.455
[pool 795/1024] priv e10.00 r25: AUC mm=0.595 kde=0.527
[pool 796/1024] priv e10.00 r27: AUC mm=0.595 kde=0.466
[pool 797/1024] priv e10.00 r28: AUC mm=0.528 kde=0.489
[pool 798/1024] priv e10.00 r29: AUC mm=0.558 kde=0.495
[pool 799/1024] priv e10.00 r31: AUC mm=0.587 kde=0.524
[pool 800/1024] priv e10.00 r32: AUC mm=0.507 kde=0.485
[pool 801/1024] priv e10.00 r30: AUC mm=0.522 kde=0.506
[pool 802/1024] priv e10.00 r33: AUC mm=0.525 kde=0.476
[pool 803/1024] priv e10.00 r34: AUC mm=0.542 kde=0.503
[pool 804/1024] priv e10.00 r35: AUC mm=0.547 kde=0.527
[pool 805/1024] priv e10.00 r37: AUC mm=0.569 kde=0.540
[pool 806/1024] priv e10.00 r36: AUC mm=0.553 kde=0.519
[pool 807/1024] priv e10.00 r38: AUC mm=0.576 kde=0.516
[pool 808/1024] priv e10.00 r39: AUC mm=0.575 kde=0.560
[pool 809/1024] priv e10.00 r41: AUC mm=0.541 kde=0.483
[pool 810/1024] priv e10.00 r40: AUC mm=0.529 kde=0.533
[pool 811/1024] priv e10.00 r42: AUC mm=0.534 kde=0.503
[pool 812/1024] priv e10.00 r43: AUC mm=0.551 kde=0.502
[pool 813/1024] priv e10.00 r44: AUC mm=0.513 kde=0.481
[pool 814/1024] priv e10.00 r45: AUC mm=0.530 kde=0.498
[pool 815/1024] priv e10.00 r46: AUC mm=0.516 kde=0.516
[pool 816/1024] priv e10.00 r47: AUC mm=0.566 kde=0.479
[pool 817/1024] priv e10.00 r48: AUC mm=0.562 kde=0.495
[pool 818/1024] priv e10.00 r49: AUC mm=0.580 kde=0.512
[pool 819/1024] priv e10.00 r50: AUC mm=0.586 kde=0.488
[pool 820/1024] priv e10.00 r51: AUC mm=0.573 kde=0.495
[pool 821/1024] priv e10.00 r52: AUC mm=0.528 kde=0.504
[pool 822/1024] priv e10.00 r53: AUC mm=0.595 kde=0.489
[pool 823/1024] priv e10.00 r54: AUC mm=0.572 kde=0.514
[pool 824/1024] priv e10.00 r55: AUC mm=0.579 kde=0.517
[pool 825/1024] priv e10.00 r57: AUC mm=0.565 kde=0.476
[pool 826/1024] priv e10.00 r56: AUC mm=0.542 kde=0.520
[pool 827/1024] priv e10.00 r59: AUC mm=0.551 kde=0.457
[pool 828/1024] priv e10.00 r58: AUC mm=0.542 kde=0.485
[pool 829/1024] priv e10.00 r60: AUC mm=0.603 kde=0.501
[pool 830/1024] priv e10.00 r61: AUC mm=0.544 kde=0.516
[pool 831/1024] priv e10.00 r62: AUC mm=0.582 kde=0.506
[pool 832/1024] priv e10.00 r63: AUC mm=0.549 kde=0.506
[pool 833/1024] priv e31.62 r0: AUC mm=0.586 kde=0.554
[pool 834/1024] priv e31.62 r1: AUC mm=0.590 kde=0.481
[pool 835/1024] priv e31.62 r2: AUC mm=0.655 kde=0.512
[pool 836/1024] priv e31.62 r5: AUC mm=0.578 kde=0.538
[pool 837/1024] priv e31.62 r4: AUC mm=0.588 kde=0.543
[pool 838/1024] priv e31.62 r3: AUC mm=0.574 kde=0.500
[pool 839/1024] priv e31.62 r6: AUC mm=0.582 kde=0.512
[pool 840/1024] priv e31.62 r7: AUC mm=0.628 kde=0.503
[pool 841/1024] priv e31.62 r9: AUC mm=0.587 kde=0.492
[pool 842/1024] priv e31.62 r8: AUC mm=0.614 kde=0.473
[pool 843/1024] priv e31.62 r10: AUC mm=0.615 kde=0.475
[pool 844/1024] priv e31.62 r12: AUC mm=0.628 kde=0.507
[pool 845/1024] priv e31.62 r11: AUC mm=0.629 kde=0.486
[pool 846/1024] priv e31.62 r13: AUC mm=0.593 kde=0.461
[pool 847/1024] priv e31.62 r14: AUC mm=0.582 kde=0.469
[pool 848/1024] priv e31.62 r15: AUC mm=0.601 kde=0.469
[pool 849/1024] priv e31.62 r16: AUC mm=0.592 kde=0.528
[pool 850/1024] priv e31.62 r17: AUC mm=0.577 kde=0.520
[pool 851/1024] priv e31.62 r18: AUC mm=0.602 kde=0.513
[pool 852/1024] priv e31.62 r19: AUC mm=0.561 kde=0.530
[pool 853/1024] priv e31.62 r21: AUC mm=0.620 kde=0.507
[pool 854/1024] priv e31.62 r20: AUC mm=0.555 kde=0.514
[pool 855/1024] priv e31.62 r22: AUC mm=0.600 kde=0.504
[pool 856/1024] priv e31.62 r23: AUC mm=0.646 kde=0.547
[pool 857/1024] priv e31.62 r24: AUC mm=0.603 kde=0.526
[pool 858/1024] priv e31.62 r25: AUC mm=0.637 kde=0.533
[pool 859/1024] priv e31.62 r26: AUC mm=0.616 kde=0.498
[pool 860/1024] priv e31.62 r27: AUC mm=0.571 kde=0.443
[pool 861/1024] priv e31.62 r29: AUC mm=0.641 kde=0.553
[pool 862/1024] priv e31.62 r28: AUC mm=0.586 kde=0.511
[pool 863/1024] priv e31.62 r30: AUC mm=0.612 kde=0.465
[pool 864/1024] priv e31.62 r31: AUC mm=0.594 kde=0.514
[pool 865/1024] priv e31.62 r32: AUC mm=0.606 kde=0.502
[pool 866/1024] priv e31.62 r33: AUC mm=0.581 kde=0.520
[pool 867/1024] priv e31.62 r34: AUC mm=0.588 kde=0.488
[pool 868/1024] priv e31.62 r35: AUC mm=0.553 kde=0.514
[pool 869/1024] priv e31.62 r36: AUC mm=0.629 kde=0.547
[pool 870/1024] priv e31.62 r37: AUC mm=0.632 kde=0.522
[pool 871/1024] priv e31.62 r39: AUC mm=0.611 kde=0.525
[pool 872/1024] priv e31.62 r38: AUC mm=0.581 kde=0.542
[pool 873/1024] priv e31.62 r40: AUC mm=0.634 kde=0.515
[pool 874/1024] priv e31.62 r42: AUC mm=0.620 kde=0.502
[pool 875/1024] priv e31.62 r41: AUC mm=0.625 kde=0.528
[pool 876/1024] priv e31.62 r43: AUC mm=0.566 kde=0.512
[pool 877/1024] priv e31.62 r44: AUC mm=0.588 kde=0.489
[pool 878/1024] priv e31.62 r45: AUC mm=0.570 kde=0.512
[pool 879/1024] priv e31.62 r46: AUC mm=0.582 kde=0.465
[pool 880/1024] priv e31.62 r47: AUC mm=0.579 kde=0.480
[pool 881/1024] priv e31.62 r48: AUC mm=0.586 kde=0.469
[pool 882/1024] priv e31.62 r49: AUC mm=0.582 kde=0.488
[pool 883/1024] priv e31.62 r51: AUC mm=0.607 kde=0.520
[pool 884/1024] priv e31.62 r50: AUC mm=0.632 kde=0.474
[pool 885/1024] priv e31.62 r53: AUC mm=0.553 kde=0.513
[pool 886/1024] priv e31.62 r52: AUC mm=0.552 kde=0.545
[pool 887/1024] priv e31.62 r54: AUC mm=0.597 kde=0.517
[pool 888/1024] priv e31.62 r55: AUC mm=0.597 kde=0.531
[pool 889/1024] priv e31.62 r56: AUC mm=0.630 kde=0.520
[pool 890/1024] priv e31.62 r57: AUC mm=0.628 kde=0.518
[pool 891/1024] priv e31.62 r59: AUC mm=0.629 kde=0.471
[pool 892/1024] priv e31.62 r58: AUC mm=0.577 kde=0.500
[pool 893/1024] priv e31.62 r60: AUC mm=0.575 kde=0.528
[pool 894/1024] priv e31.62 r61: AUC mm=0.618 kde=0.494
[pool 895/1024] priv e31.62 r63: AUC mm=0.613 kde=0.507
[pool 896/1024] priv e31.62 r62: AUC mm=0.605 kde=0.489
[pool 897/1024] priv e100.00 r0: AUC mm=0.706 kde=0.523
[pool 898/1024] priv e100.00 r2: AUC mm=0.744 kde=0.521
[pool 899/1024] priv e100.00 r1: AUC mm=0.753 kde=0.516
[pool 900/1024] priv e100.00 r3: AUC mm=0.702 kde=0.518
[pool 901/1024] priv e100.00 r4: AUC mm=0.690 kde=0.506
[pool 902/1024] priv e100.00 r5: AUC mm=0.719 kde=0.526
[pool 903/1024] priv e100.00 r6: AUC mm=0.746 kde=0.517
[pool 904/1024] priv e100.00 r7: AUC mm=0.728 kde=0.532
[pool 905/1024] priv e100.00 r9: AUC mm=0.718 kde=0.517
[pool 906/1024] priv e100.00 r8: AUC mm=0.748 kde=0.494
[pool 907/1024] priv e100.00 r10: AUC mm=0.722 kde=0.496
[pool 908/1024] priv e100.00 r11: AUC mm=0.743 kde=0.507
[pool 909/1024] priv e100.00 r12: AUC mm=0.707 kde=0.477
[pool 910/1024] priv e100.00 r13: AUC mm=0.692 kde=0.489
[pool 911/1024] priv e100.00 r15: AUC mm=0.721 kde=0.520
[pool 912/1024] priv e100.00 r14: AUC mm=0.721 kde=0.474
[pool 913/1024] priv e100.00 r16: AUC mm=0.729 kde=0.517
[pool 914/1024] priv e100.00 r17: AUC mm=0.732 kde=0.526
[pool 915/1024] priv e100.00 r18: AUC mm=0.749 kde=0.532
[pool 916/1024] priv e100.00 r19: AUC mm=0.768 kde=0.515
[pool 917/1024] priv e100.00 r20: AUC mm=0.720 kde=0.475
[pool 918/1024] priv e100.00 r21: AUC mm=0.747 kde=0.506
[pool 919/1024] priv e100.00 r22: AUC mm=0.758 kde=0.502
[pool 920/1024] priv e100.00 r23: AUC mm=0.732 kde=0.550
[pool 921/1024] priv e100.00 r24: AUC mm=0.728 kde=0.501
[pool 922/1024] priv e100.00 r25: AUC mm=0.734 kde=0.576
[pool 923/1024] priv e100.00 r26: AUC mm=0.673 kde=0.457
[pool 924/1024] priv e100.00 r28: AUC mm=0.746 kde=0.513
[pool 925/1024] priv e100.00 r27: AUC mm=0.740 kde=0.514
[pool 926/1024] priv e100.00 r29: AUC mm=0.721 kde=0.487
[pool 927/1024] priv e100.00 r31: AUC mm=0.717 kde=0.501
[pool 928/1024] priv e100.00 r30: AUC mm=0.735 kde=0.462
[pool 929/1024] priv e100.00 r32: AUC mm=0.765 kde=0.510
[pool 930/1024] priv e100.00 r33: AUC mm=0.732 kde=0.513
[pool 931/1024] priv e100.00 r34: AUC mm=0.729 kde=0.523
[pool 932/1024] priv e100.00 r36: AUC mm=0.775 kde=0.554
[pool 933/1024] priv e100.00 r35: AUC mm=0.704 kde=0.478
[pool 934/1024] priv e100.00 r38: AUC mm=0.719 kde=0.524
[pool 935/1024] priv e100.00 r37: AUC mm=0.715 kde=0.526
[pool 936/1024] priv e100.00 r40: AUC mm=0.706 kde=0.524
[pool 937/1024] priv e100.00 r39: AUC mm=0.690 kde=0.533
[pool 938/1024] priv e100.00 r41: AUC mm=0.754 kde=0.522
[pool 939/1024] priv e100.00 r42: AUC mm=0.722 kde=0.507
[pool 940/1024] priv e100.00 r44: AUC mm=0.721 kde=0.462
[pool 941/1024] priv e100.00 r43: AUC mm=0.702 kde=0.494
[pool 942/1024] priv e100.00 r45: AUC mm=0.737 kde=0.489
[pool 943/1024] priv e100.00 r46: AUC mm=0.714 kde=0.524
[pool 944/1024] priv e100.00 r47: AUC mm=0.753 kde=0.509
[pool 945/1024] priv e100.00 r48: AUC mm=0.757 kde=0.477
[pool 946/1024] priv e100.00 r49: AUC mm=0.684 kde=0.566
[pool 947/1024] priv e100.00 r50: AUC mm=0.728 kde=0.488
[pool 948/1024] priv e100.00 r51: AUC mm=0.784 kde=0.530
[pool 949/1024] priv e100.00 r52: AUC mm=0.723 kde=0.528
[pool 950/1024] priv e100.00 r54: AUC mm=0.773 kde=0.534
[pool 951/1024] priv e100.00 r53: AUC mm=0.722 kde=0.527
[pool 952/1024] priv e100.00 r55: AUC mm=0.729 kde=0.509
[pool 953/1024] priv e100.00 r57: AUC mm=0.742 kde=0.521
[pool 954/1024] priv e100.00 r56: AUC mm=0.702 kde=0.545
[pool 955/1024] priv e100.00 r58: AUC mm=0.718 kde=0.522
[pool 956/1024] priv e100.00 r60: AUC mm=0.786 kde=0.567
[pool 957/1024] priv e100.00 r59: AUC mm=0.695 kde=0.505
[pool 958/1024] priv e100.00 r61: AUC mm=0.718 kde=0.501
[pool 959/1024] priv e100.00 r63: AUC mm=0.744 kde=0.538
[pool 960/1024] priv e100.00 r62: AUC mm=0.727 kde=0.496
[pool 961/1024] priv e1000.00 r1: AUC mm=0.907 kde=0.501
[pool 962/1024] priv e1000.00 r2: AUC mm=0.895 kde=0.565
[pool 963/1024] priv e1000.00 r7: AUC mm=0.893 kde=0.509
[pool 964/1024] priv e1000.00 r3: AUC mm=0.884 kde=0.503
[pool 965/1024] priv e1000.00 r4: AUC mm=0.875 kde=0.493
[pool 966/1024] priv e1000.00 r0: AUC mm=0.916 kde=0.551
[pool 967/1024] priv e1000.00 r8: AUC mm=0.918 kde=0.501
[pool 968/1024] priv e1000.00 r6: AUC mm=0.903 kde=0.502
[pool 969/1024] priv e1000.00 r5: AUC mm=0.924 kde=0.516
[pool 970/1024] priv e1000.00 r10: AUC mm=0.880 kde=0.492
[pool 971/1024] priv e1000.00 r9: AUC mm=0.897 kde=0.515
[pool 972/1024] priv e1000.00 r12: AUC mm=0.884 kde=0.508
[pool 973/1024] priv e1000.00 r11: AUC mm=0.868 kde=0.508
[pool 974/1024] priv e1000.00 r13: AUC mm=0.856 kde=0.467
[pool 975/1024] priv e1000.00 r14: AUC mm=0.901 kde=0.508
[pool 976/1024] priv e1000.00 r15: AUC mm=0.915 kde=0.484
[pool 977/1024] priv e1000.00 r16: AUC mm=0.889 kde=0.495
[pool 978/1024] priv e1000.00 r18: AUC mm=0.892 kde=0.525
[pool 979/1024] priv e1000.00 r23: AUC mm=0.893 kde=0.512
[pool 980/1024] priv e1000.00 r22: AUC mm=0.868 kde=0.480
[pool 981/1024] priv e1000.00 r17: AUC mm=0.904 kde=0.542
[pool 982/1024] priv e1000.00 r25: AUC mm=0.896 kde=0.564
[pool 983/1024] priv e1000.00 r19: AUC mm=0.873 kde=0.505
[pool 984/1024] priv e1000.00 r24: AUC mm=0.904 kde=0.522
[pool 985/1024] priv e1000.00 r20: AUC mm=0.902 kde=0.526
[pool 986/1024] priv e1000.00 r21: AUC mm=0.891 kde=0.556
[pool 987/1024] priv e1000.00 r26: AUC mm=0.869 kde=0.502
[pool 988/1024] priv e1000.00 r27: AUC mm=0.922 kde=0.509
[pool 989/1024] priv e1000.00 r28: AUC mm=0.886 kde=0.554
[pool 990/1024] priv e1000.00 r30: AUC mm=0.919 kde=0.512
[pool 991/1024] priv e1000.00 r29: AUC mm=0.899 kde=0.521
[pool 992/1024] priv e1000.00 r31: AUC mm=0.905 kde=0.548
[pool 993/1024] priv e1000.00 r34: AUC mm=0.898 kde=0.524
[pool 994/1024] priv e1000.00 r32: AUC mm=0.867 kde=0.517
[pool 995/1024] priv e1000.00 r33: AUC mm=0.871 kde=0.495
[pool 996/1024] priv e1000.00 r35: AUC mm=0.869 kde=0.505
[pool 997/1024] priv e1000.00 r37: AUC mm=0.865 kde=0.479
[pool 998/1024] priv e1000.00 r39: AUC mm=0.882 kde=0.549
[pool 999/1024] priv e1000.00 r38: AUC mm=0.879 kde=0.533
[pool 1000/1024] priv e1000.00 r41: AUC mm=0.888 kde=0.491
[pool 1001/1024] priv e1000.00 r40: AUC mm=0.879 kde=0.508
[pool 1002/1024] priv e1000.00 r43: AUC mm=0.911 kde=0.488
[pool 1003/1024] priv e1000.00 r42: AUC mm=0.899 kde=0.496
[pool 1004/1024] priv e1000.00 r36: AUC mm=0.906 kde=0.501
[pool 1005/1024] priv e1000.00 r44: AUC mm=0.902 kde=0.514
[pool 1006/1024] priv e1000.00 r45: AUC mm=0.903 kde=0.475
[pool 1007/1024] priv e1000.00 r46: AUC mm=0.922 kde=0.534
[pool 1008/1024] priv e1000.00 r47: AUC mm=0.877 kde=0.504
[pool 1009/1024] priv e1000.00 r48: AUC mm=0.894 kde=0.482
[pool 1010/1024] priv e1000.00 r49: AUC mm=0.903 kde=0.550
[pool 1011/1024] priv e1000.00 r50: AUC mm=0.902 kde=0.508
[pool 1012/1024] priv e1000.00 r52: AUC mm=0.872 kde=0.530
[pool 1013/1024] priv e1000.00 r51: AUC mm=0.902 kde=0.526
[pool 1014/1024] priv e1000.00 r54: AUC mm=0.841 kde=0.543
[pool 1015/1024] priv e1000.00 r53: AUC mm=0.891 kde=0.550
[pool 1016/1024] priv e1000.00 r57: AUC mm=0.890 kde=0.487
[pool 1017/1024] priv e1000.00 r55: AUC mm=0.885 kde=0.523
[pool 1018/1024] priv e1000.00 r59: AUC mm=0.899 kde=0.472
[pool 1019/1024] priv e1000.00 r56: AUC mm=0.906 kde=0.483
[pool 1020/1024] priv e1000.00 r61: AUC mm=0.907 kde=0.525
[pool 1021/1024] priv e1000.00 r58: AUC mm=0.872 kde=0.483
[pool 1022/1024] priv e1000.00 r60: AUC mm=0.888 kde=0.561
[pool 1023/1024] priv e1000.00 r62: AUC mm=0.913 kde=0.537
[pool 1024/1024] priv e1000.00 r63: AUC mm=0.898 kde=0.532
