[shadow] mst e1.00: 70 focal points, top weight 15
[shadow] mst e1000.00: 18 focal points, top weight 15
[shadow] priv e1.00: 15 focal points, top weight 15
[pool] 62 runs queued on 16 workers
[pool 1/62] mst e1.00 r7: AUC mm=0.480 kde=0.513
[pool 2/62] mst e1.00 r3: AUC mm=0.500 kde=0.506
[pool 3/62] mst e1.00 r0: AUC mm=0.514 kde=0.521
[pool 4/62] mst e1.00 r15: AUC mm=0.515 kde=0.477
[pool 5/62] mst e1.00 r8: AUC mm=0.565 kde=0.508
[pool 6/62] mst e1.00 r13: AUC mm=0.515 kde=0.495
[pool 7/62] mst e1.00 r6: AUC mm=0.495 kde=0.503
[pool 8/62] mst e1.00 r1: AUC mm=0.511 kde=0.512
[pool 9/62] mst e1.00 r2: AUC mm=0.468 kde=0.472
[pool 10/62] mst e1.00 r10: AUC mm=0.512 kde=0.517
[pool 11/62] mst e1.00 r4: AUC mm=0.512 kde=0.521
[pool 12/62] mst e1.00 r5: AUC mm=0.484 kde=0.500
[pool 13/62] mst e1.00 r14: AUC mm=0.506 kde=0.493
[pool 14/62] mst e1.00 r12: AUC mm=0.472 kde=0.516
[pool 15/62] mst e1.00 r11: AUC mm=0.535 kde=0.475
[pool 16/62] mst e1.00 r9: AUC mm=0.516 kde=0.531
[pool 17/62] mst e1000.00 r2: AUC mm=0.832 kde=0.485
[pool 18/62] mst e1000.00 r1: AUC mm=0.830 kde=0.502
[pool 19/62] mst e1000.00 r3: AUC mm=0.807 kde=0.549
[pool 20/62] mst e1000.00 r5: AUC mm=0.813 kde=0.529
[pool 21/62] mst e1000.00 r4: AUC mm=0.816 kde=0.522
[pool 22/62] mst e1000.00 r6: AUC mm=0.849 kde=0.556
[pool 23/62] mst e1000.00 r0: AUC mm=0.824 kde=0.522
[pool 24/62] mst e1000.00 r10: AUC mm=0.846 kde=0.492
[pool 25/62] mst e1000.00 r9: AUC mm=0.803 kde=0.535
[pool 26/62] mst e1000.00 r13: AUC mm=0.819 kde=0.496
[pool 27/62] mst e1000.00 r11: AUC mm=0.821 kde=0.529
[pool 28/62] mst e1000.00 r7: AUC mm=0.849 kde=0.508
[pool 29/62] priv e1.00 r0: AUC mm=0.508 kde=0.470
[pool 30/62] mst e1000.00 r8: AUC mm=0.818 kde=0.531
[pool 31/62] priv e1.00 r1: AUC mm=0.501 kde=0.530
[pool 32/62] priv e1.00 r2: AUC mm=0.507 kde=0.500
[pool 33/62] priv e1.00 r3: AUC mm=0.532 kde=0.520
[pool 34/62] priv e1.00 r4: AUC mm=0.512 kde=0.555
[pool 35/62] priv e1.00 r5: AUC mm=0.563 kde=0.527
[pool 36/62] mst e1000.00 r12: AUC mm=0.851 kde=0.521
[pool 37/62] priv e1.00 r6: AUC mm=0.503 kde=0.504
[pool 38/62] mst e1000.00 r15: AUC mm=0.823 kde=0.511
[pool 39/62] priv e1.00 r7: AUC mm=0.524 kde=0.508
[pool 40/62] priv e1.00 r8: AUC mm=0.522 kde=0.473
[pool 41/62] mst e1000.00 r14: AUC mm=0.845 kde=0.515
[pool 42/62] priv e1.00 r9: AUC mm=0.508 kde=0.495
[pool 43/62] priv e1.00 r10: AUC mm=0.540 kde=0.502
[pool 44/62] priv e1.00 r11: AUC mm=0.487 kde=0.473
[pool 45/62] priv e1.00 r12: AUC mm=0.585 kde=0.538
[pool 46/62] priv e1.00 r13: AUC mm=0.496 kde=0.517
[pool 47/62] priv e1.00 r14: AUC mm=0.479 kde=0.462
[pool 48/62] priv e1.00 r15: AUC mm=0.510 kde=0.491
[pool 49/62] priv e1000.00 r2: AUC mm=0.909 kde=0.548
[pool 50/62] priv e1000.00 r3: AUC mm=0.894 kde=0.520
[pool 51/62] priv e1000.00 r6: AUC mm=0.900 kde=0.522
[pool 52/62] priv e1000.00 r4: AUC mm=0.876 kde=0.498
[pool 53/62] priv e1000.00 r5: AUC mm=0.890 kde=0.512
[pool 54/62] priv e1000.00 r8: AUC mm=0.887 kde=0.490
[pool 55/62] priv e1000.00 r9: AUC mm=0.853 kde=0.509
[pool 56/62] priv e1000.00 r10: AUC mm=0.880 kde=0.512
[pool 57/62] priv e1000.00 r7: AUC mm=0.912 kde=0.541
[pool 58/62] priv e1000.00 r11: AUC mm=0.907 kde=0.509
[pool 59/62] priv e1000.00 r13: AUC mm=0.879 kde=0.516
[pool 60/62] priv e1000.00 r12: AUC mm=0.883 kde=0.563
[pool 61/62] priv e1000.00 r14: AUC mm=0.891 kde=0.499
[pool 62/62] priv e1000.00 r15: AUC mm=0.896 kde=0.470
