pool done Sat Sep 26 11:19:08 PM UTC 2026
[30/32] run 29 ok
[31/32] run 30 ok
[32/32] run 31 ok
features done Sat Sep 26 11:40:54 PM UTC 2026
Using 8 groups for GroupNorm
probe run 31: 41s
analysis done Sat Sep 26 11:45:27 PM UTC 2026
32 releases, pool 1000, runs per record in/out: 7-27 / 5-25
graph gower k=10: 7297 edges, 1 component(s); attribute roughness 0.12-0.82
  dcr      AUC=0.799±0.013  r½(v)=+0.82 Rx(v)=0.81 [Δ vs μ_out CI +0.09,+0.12] Rx(μ_out)=0.71  shares(v)=[0.57, 0.2, 0.23]  dens R²=0.53  resid: r½=+0.65 Rx=0.98 [Rx-1 CI -0.04,+0.00] high=0.31 (p=0.820)
  melomia  AUC=0.633±0.017  r½(v)=+0.67 Rx(v)=0.88 [Δ vs μ_out CI -0.04,+0.02] Rx(μ_out)=0.89  shares(v)=[0.5, 0.22, 0.28]  dens R²=0.34  resid: r½=+0.54 Rx=0.96 [Rx-1 CI -0.08,-0.01] high=0.32 (p=0.750)
  rawloss  AUC=0.539±0.019  r½(v)=+0.67 Rx(v)=0.95 [Δ vs μ_out CI +0.06,+0.11] Rx(μ_out)=0.86  shares(v)=[0.44, 0.23, 0.33]  dens R²=0.23  resid: r½=+0.60 Rx=0.94 [Rx-1 CI -0.10,-0.04] high=0.31 (p=0.800)
32 releases, pool 1000, runs per record in/out: 7-27 / 5-25
graph gower k=20: 14577 edges, 1 component(s); attribute roughness 0.15-0.84
  dcr      AUC=0.799±0.013  r½(v)=+0.82 Rx(v)=0.85 [Δ vs μ_out CI +0.07,+0.10] Rx(μ_out)=0.77  shares(v)=[0.56, 0.18, 0.27]  dens R²=0.52  resid: r½=+0.66 Rx=0.99 [Rx-1 CI -0.02,+0.01] high=0.37 (p=0.103)
  melomia  AUC=0.633±0.017  r½(v)=+0.67 Rx(v)=0.90 [Δ vs μ_out CI -0.04,+0.01] Rx(μ_out)=0.92  shares(v)=[0.49, 0.21, 0.3]  dens R²=0.35  resid: r½=+0.54 Rx=0.97 [Rx-1 CI -0.05,-0.01] high=0.35 (p=0.286)
  rawloss  AUC=0.539±0.019  r½(v)=+0.67 Rx(v)=0.95 [Δ vs μ_out CI +0.05,+0.08] Rx(μ_out)=0.89  shares(v)=[0.47, 0.23, 0.31]  dens R²=0.23  resid: r½=+0.60 Rx=0.94 [Rx-1 CI -0.08,-0.04] high=0.31 (p=0.804)
32 releases, pool 1000, runs per record in/out: 7-27 / 5-25
graph gower k=5: 3706 edges, 1 component(s); attribute roughness 0.11-0.80
  dcr      AUC=0.799±0.013  r½(v)=+0.82 Rx(v)=0.77 [Δ vs μ_out CI +0.10,+0.15] Rx(μ_out)=0.64  shares(v)=[0.57, 0.21, 0.22]  dens R²=0.53  resid: r½=+0.66 Rx=0.98 [Rx-1 CI -0.05,+0.01] high=0.33 (p=0.609)
  melomia  AUC=0.633±0.017  r½(v)=+0.67 Rx(v)=0.83 [Δ vs μ_out CI -0.09,-0.01] Rx(μ_out)=0.89  shares(v)=[0.51, 0.22, 0.27]  dens R²=0.33  resid: r½=+0.55 Rx=0.94 [Rx-1 CI -0.10,-0.01] high=0.31 (p=0.823)
  rawloss  AUC=0.539±0.019  r½(v)=+0.67 Rx(v)=0.91 [Δ vs μ_out CI +0.06,+0.13] Rx(μ_out)=0.82  shares(v)=[0.47, 0.26, 0.28]  dens R²=0.23  resid: r½=+0.60 Rx=0.91 [Rx-1 CI -0.14,-0.04] high=0.26 (p=0.996)
